../Main/Sound/usbd_core.c:11:20:USBD_Init	24	static
../Main/Sound/usbd_core.c:50:20:USBD_DeInit	16	static
../Main/Sound/usbd_core.c:74:20:USBD_RegisterClass	24	static
../Main/Sound/usbd_core.c:101:20:USBD_Start	16	static
../Main/Sound/usbd_core.c:116:20:USBD_Stop	16	static
../Main/Sound/usbd_core.c:133:20:USBD_RunTestMode	16	static
../Main/Sound/usbd_core.c:149:20:USBD_SetClassConfig	24	static
../Main/Sound/usbd_core.c:172:20:USBD_ClrClassConfig	16	static
../Main/Sound/usbd_core.c:185:20:USBD_LL_SetupStage	16	static
../Main/Sound/usbd_core.c:222:20:USBD_LL_DataOutStage	32	static
../Main/Sound/usbd_core.c:283:20:USBD_LL_DataInStage	32	static
../Main/Sound/usbd_core.c:364:20:USBD_LL_Reset	16	static
../Main/Sound/usbd_core.c:397:20:USBD_LL_SetSpeed	16	static
../Main/Sound/usbd_core.c:411:20:USBD_LL_Suspend	16	static
../Main/Sound/usbd_core.c:425:20:USBD_LL_Resume	16	static
../Main/Sound/usbd_core.c:438:20:USBD_LL_SOF	16	static
../Main/Sound/usbd_core.c:456:20:USBD_LL_IsoINIncomplete	16	static
../Main/Sound/usbd_core.c:472:20:USBD_LL_IsoOUTIncomplete	16	static
../Main/Sound/usbd_core.c:488:20:USBD_LL_DevConnected	16	static
../Main/Sound/usbd_core.c:502:20:USBD_LL_DevDisconnected	16	static
