Archive member included to satisfy reference by file (symbol)

d:/arquivos de programas/stm32cubeide/plugins/com.st.stm32cube.ide.mcu.externaltools.gnu-tools-for-stm32.10.3-2021.10.win32_1.0.0.202111181127/tools/bin/../lib/gcc/arm-none-eabi/10.3.1/../../../../arm-none-eabi/lib/thumb/v7-m/nofp\libc_nano.a(lib_a-errno.o)
                              ./Src/syscalls.o (__errno)
d:/arquivos de programas/stm32cubeide/plugins/com.st.stm32cube.ide.mcu.externaltools.gnu-tools-for-stm32.10.3-2021.10.win32_1.0.0.202111181127/tools/bin/../lib/gcc/arm-none-eabi/10.3.1/../../../../arm-none-eabi/lib/thumb/v7-m/nofp\libc_nano.a(lib_a-exit.o)
                              d:/arquivos de programas/stm32cubeide/plugins/com.st.stm32cube.ide.mcu.externaltools.gnu-tools-for-stm32.10.3-2021.10.win32_1.0.0.202111181127/tools/bin/../lib/gcc/arm-none-eabi/10.3.1/../../../../arm-none-eabi/lib/thumb/v7-m/nofp/crt0.o (exit)
d:/arquivos de programas/stm32cubeide/plugins/com.st.stm32cube.ide.mcu.externaltools.gnu-tools-for-stm32.10.3-2021.10.win32_1.0.0.202111181127/tools/bin/../lib/gcc/arm-none-eabi/10.3.1/../../../../arm-none-eabi/lib/thumb/v7-m/nofp\libc_nano.a(lib_a-impure.o)
                              d:/arquivos de programas/stm32cubeide/plugins/com.st.stm32cube.ide.mcu.externaltools.gnu-tools-for-stm32.10.3-2021.10.win32_1.0.0.202111181127/tools/bin/../lib/gcc/arm-none-eabi/10.3.1/../../../../arm-none-eabi/lib/thumb/v7-m/nofp\libc_nano.a(lib_a-exit.o) (_global_impure_ptr)
d:/arquivos de programas/stm32cubeide/plugins/com.st.stm32cube.ide.mcu.externaltools.gnu-tools-for-stm32.10.3-2021.10.win32_1.0.0.202111181127/tools/bin/../lib/gcc/arm-none-eabi/10.3.1/../../../../arm-none-eabi/lib/thumb/v7-m/nofp\libc_nano.a(lib_a-init.o)
                              d:/arquivos de programas/stm32cubeide/plugins/com.st.stm32cube.ide.mcu.externaltools.gnu-tools-for-stm32.10.3-2021.10.win32_1.0.0.202111181127/tools/bin/../lib/gcc/arm-none-eabi/10.3.1/../../../../arm-none-eabi/lib/thumb/v7-m/nofp/crt0.o (__libc_init_array)
d:/arquivos de programas/stm32cubeide/plugins/com.st.stm32cube.ide.mcu.externaltools.gnu-tools-for-stm32.10.3-2021.10.win32_1.0.0.202111181127/tools/bin/../lib/gcc/arm-none-eabi/10.3.1/../../../../arm-none-eabi/lib/thumb/v7-m/nofp\libc_nano.a(lib_a-malloc.o)
                              ./Main/Sound/usbd_midi.o (malloc)
d:/arquivos de programas/stm32cubeide/plugins/com.st.stm32cube.ide.mcu.externaltools.gnu-tools-for-stm32.10.3-2021.10.win32_1.0.0.202111181127/tools/bin/../lib/gcc/arm-none-eabi/10.3.1/../../../../arm-none-eabi/lib/thumb/v7-m/nofp\libc_nano.a(lib_a-memset.o)
                              d:/arquivos de programas/stm32cubeide/plugins/com.st.stm32cube.ide.mcu.externaltools.gnu-tools-for-stm32.10.3-2021.10.win32_1.0.0.202111181127/tools/bin/../lib/gcc/arm-none-eabi/10.3.1/../../../../arm-none-eabi/lib/thumb/v7-m/nofp/crt0.o (memset)
d:/arquivos de programas/stm32cubeide/plugins/com.st.stm32cube.ide.mcu.externaltools.gnu-tools-for-stm32.10.3-2021.10.win32_1.0.0.202111181127/tools/bin/../lib/gcc/arm-none-eabi/10.3.1/../../../../arm-none-eabi/lib/thumb/v7-m/nofp\libc_nano.a(lib_a-nano-freer.o)
                              d:/arquivos de programas/stm32cubeide/plugins/com.st.stm32cube.ide.mcu.externaltools.gnu-tools-for-stm32.10.3-2021.10.win32_1.0.0.202111181127/tools/bin/../lib/gcc/arm-none-eabi/10.3.1/../../../../arm-none-eabi/lib/thumb/v7-m/nofp\libc_nano.a(lib_a-malloc.o) (_free_r)
d:/arquivos de programas/stm32cubeide/plugins/com.st.stm32cube.ide.mcu.externaltools.gnu-tools-for-stm32.10.3-2021.10.win32_1.0.0.202111181127/tools/bin/../lib/gcc/arm-none-eabi/10.3.1/../../../../arm-none-eabi/lib/thumb/v7-m/nofp\libc_nano.a(lib_a-nano-mallocr.o)
                              d:/arquivos de programas/stm32cubeide/plugins/com.st.stm32cube.ide.mcu.externaltools.gnu-tools-for-stm32.10.3-2021.10.win32_1.0.0.202111181127/tools/bin/../lib/gcc/arm-none-eabi/10.3.1/../../../../arm-none-eabi/lib/thumb/v7-m/nofp\libc_nano.a(lib_a-malloc.o) (_malloc_r)
d:/arquivos de programas/stm32cubeide/plugins/com.st.stm32cube.ide.mcu.externaltools.gnu-tools-for-stm32.10.3-2021.10.win32_1.0.0.202111181127/tools/bin/../lib/gcc/arm-none-eabi/10.3.1/../../../../arm-none-eabi/lib/thumb/v7-m/nofp\libc_nano.a(lib_a-sbrkr.o)
                              d:/arquivos de programas/stm32cubeide/plugins/com.st.stm32cube.ide.mcu.externaltools.gnu-tools-for-stm32.10.3-2021.10.win32_1.0.0.202111181127/tools/bin/../lib/gcc/arm-none-eabi/10.3.1/../../../../arm-none-eabi/lib/thumb/v7-m/nofp\libc_nano.a(lib_a-nano-mallocr.o) (_sbrk_r)
d:/arquivos de programas/stm32cubeide/plugins/com.st.stm32cube.ide.mcu.externaltools.gnu-tools-for-stm32.10.3-2021.10.win32_1.0.0.202111181127/tools/bin/../lib/gcc/arm-none-eabi/10.3.1/../../../../arm-none-eabi/lib/thumb/v7-m/nofp\libc_nano.a(lib_a-mlock.o)
[...]
Memory Configuration

Name             Origin             Length             Attributes
RAM              0x0000000020000000 0x0000000000005000 xrw
FLASH            0x0000000008000000 0x0000000000010000 xr
*default*        0x0000000000000000 0xffffffffffffffff

Linker script and memory map

LOAD d:/arquivos de programas/stm32cubeide/plugins/com.st.stm32cube.ide.mcu.externaltools.gnu-tools-for-stm32.10.3-2021.10.win32_1.0.0.202111181127/tools/bin/../lib/gcc/arm-none-eabi/10.3.1/thumb/v7-m/nofp/crti.o
LOAD d:/arquivos de programas/stm32cubeide/plugins/com.st.stm32cube.ide.mcu.externaltools.gnu-tools-for-stm32.10.3-2021.10.win32_1.0.0.202111181127/tools/bin/../lib/gcc/arm-none-eabi/10.3.1/thumb/v7-m/nofp/crtbegin.o
LOAD d:/arquivos de programas/stm32cubeide/plugins/com.st.stm32cube.ide.mcu.externaltools.gnu-tools-for-stm32.10.3-2021.10.win32_1.0.0.202111181127/tools/bin/../lib/gcc/arm-none-eabi/10.3.1/../../../../arm-none-eabi/lib/thumb/v7-m/nofp/crt0.o
LOAD ./Drivers/STM32F1xx_HAL_Driver/Src/stm32f1xx_hal.o
LOAD ./Drivers/STM32F1xx_HAL_Driver/Src/stm32f1xx_hal_cortex.o
LOAD ./Drivers/STM32F1xx_HAL_Driver/Src/stm32f1xx_hal_dma.o
LOAD ./Drivers/STM32F1xx_HAL_Driver/Src/stm32f1xx_hal_exti.o
LOAD ./Drivers/STM32F1xx_HAL_Driver/Src/stm32f1xx_hal_flash.o
LOAD ./Drivers/STM32F1xx_HAL_Driver/Src/stm32f1xx_hal_flash_ex.o
LOAD ./Drivers/STM32F1xx_HAL_Driver/Src/stm32f1xx_hal_gpio.o
LOAD ./Drivers/STM32F1xx_HAL_Driver/Src/stm32f1xx_hal_gpio_ex.o
LOAD ./Drivers/STM32F1xx_HAL_Driver/Src/stm32f1xx_hal_pcd.o
LOAD ./Drivers/STM32F1xx_HAL_Driver/Src/stm32f1xx_hal_pcd_ex.o
LOAD ./Drivers/STM32F1xx_HAL_Driver/Src/stm32f1xx_hal_pwr.o
LOAD ./Drivers/STM32F1xx_HAL_Driver/Src/stm32f1xx_hal_rcc.o
LOAD ./Drivers/STM32F1xx_HAL_Driver/Src/stm32f1xx_hal_rcc_ex.o
LOAD ./Drivers/STM32F1xx_HAL_Driver/Src/stm32f1xx_hal_tim.o
LOAD ./Drivers/STM32F1xx_HAL_Driver/Src/stm32f1xx_hal_tim_ex.o
LOAD ./Drivers/STM32F1xx_HAL_Driver/Src/stm32f1xx_ll_usb.o
LOAD ./Main/Sound/midiMessage.o
LOAD ./Main/Sound/usb_device.o
LOAD ./Main/Sound/usbd_conf.o
LOAD ./Main/Sound/usbd_core.o
LOAD ./Main/Sound/usbd_ctlreq.o
LOAD ./Main/Sound/usbd_desc.o
LOAD ./Main/Sound/usbd_ioreq.o
LOAD ./Main/Sound/usbd_midi.o
LOAD ./Main/Sound/usbd_midi_if.o
LOAD ./Main/startup.o
LOAD ./Src/main.o
LOAD ./Src/stm32f1xx_hal_msp.o
LOAD ./Src/stm32f1xx_it.o
LOAD ./Src/syscalls.o
LOAD ./Src/system_stm32f1xx.o
LOAD ./startup/startup_stm32f103xb.o
START GROUP
LOAD d:/arquivos de programas/stm32cubeide/plugins/com.st.stm32cube.ide.mcu.externaltools.gnu-tools-for-stm32.10.3-2021.10.win32_1.0.0.202111181127/tools/bin/../lib/gcc/arm-none-eabi/10.3.1/../../../../arm-none-eabi/lib/thumb/v7-m/nofp\libc_nano.a
LOAD d:/arquivos de programas/stm32cubeide/plugins/com.st.stm32cube.ide.mcu.externaltools.gnu-tools-for-stm32.10.3-2021.10.win32_1.0.0.202111181127/tools/bin/../lib/gcc/arm-none-eabi/10.3.1/../../../../arm-none-eabi/lib/thumb/v7-m/nofp\libm.a
END GROUP
START GROUP
LOAD d:/arquivos de programas/stm32cubeide/plugins/com.st.stm32cube.ide.mcu.externaltools.gnu-tools-for-stm32.10.3-2021.10.win32_1.0.0.202111181127/tools/bin/../lib/gcc/arm-none-eabi/10.3.1/thumb/v7-m/nofp\libgcc.a
LOAD d:/arquivos de programas/stm32cubeide/plugins/com.st.stm32cube.ide.mcu.externaltools.gnu-tools-for-stm32.10.3-2021.10.win32_1.0.0.202111181127/tools/bin/../lib/gcc/arm-none-eabi/10.3.1/../../../../arm-none-eabi/lib/thumb/v7-m/nofp\libc_nano.a
END GROUP
START GROUP
LOAD d:/arquivos de programas/stm32cubeide/plugins/com.st.stm32cube.ide.mcu.externaltools.gnu-tools-for-stm32.10.3-2021.10.win32_1.0.0.202111181127/tools/bin/../lib/gcc/arm-none-eabi/10.3.1/thumb/v7-m/nofp\libgcc.a
LOAD d:/arquivos de programas/stm32cubeide/plugins/com.st.stm32cube.ide.mcu.externaltools.gnu-tools-for-stm32.10.3-2021.10.win32_1.0.0.202111181127/tools/bin/../lib/gcc/arm-none-eabi/10.3.1/../../../../arm-none-eabi/lib/thumb/v7-m/nofp\libc_nano.a
LOAD d:/arquivos de programas/stm32cubeide/plugins/com.st.stm32cube.ide.mcu.externaltools.gnu-tools-for-stm32.10.3-2021.10.win32_1.0.0.202111181127/tools/bin/../lib/gcc/arm-none-eabi/10.3.1/../../../../arm-none-eabi/lib/thumb/v7-m/nofp\libnosys.a
END GROUP
START GROUP
LOAD d:/arquivos de programas/stm32cubeide/plugins/com.st.stm32cube.ide.mcu.externaltools.gnu-tools-for-stm32.10.3-2021.10.win32_1.0.0.202111181127/tools/bin/../lib/gcc/arm-none-eabi/10.3.1/thumb/v7-m/nofp\libgcc.a
LOAD d:/arquivos de programas/stm32cubeide/plugins/com.st.stm32cube.ide.mcu.externaltools.gnu-tools-for-stm32.10.3-2021.10.win32_1.0.0.202111181127/tools/bin/../lib/gcc/arm-none-eabi/10.3.1/../../../../arm-none-eabi/lib/thumb/v7-m/nofp\libc_nano.a
LOAD d:/arquivos de programas/stm32cubeide/plugins/com.st.stm32cube.ide.mcu.externaltools.gnu-tools-for-stm32.10.3-2021.10.win32_1.0.0.202111181127/tools/bin/../lib/gcc/arm-none-eabi/10.3.1/../../../../arm-none-eabi/lib/thumb/v7-m/nofp\libnosys.a
END GROUP
LOAD d:/arquivos de programas/stm32cubeide/plugins/com.st.stm32cube.ide.mcu.externaltools.gnu-tools-for-stm32.10.3-2021.10.win32_1.0.0.202111181127/tools/bin/../lib/gcc/arm-none-eabi/10.3.1/thumb/v7-m/nofp/crtend.o
LOAD d:/arquivos de programas/stm32cubeide/plugins/com.st.stm32cube.ide.mcu.externaltools.gnu-tools-for-stm32.10.3-2021.10.win32_1.0.0.202111181127/tools/bin/../lib/gcc/arm-none-eabi/10.3.1/thumb/v7-m/nofp/crtn.o
                0x0000000020005000                _estack = 0x20005000
                0x0000000000000200                _Min_Heap_Size = 0x200
                0x0000000000000400                _Min_Stack_Size = 0x400

.isr_vector     0x0000000008000000      0x10c
                0x0000000008000000                . = ALIGN (0x4)
 *(.isr_vector)
 .isr_vector    0x0000000008000000      0x10c ./startup/startup_stm32f103xb.o
                0x0000000008000000                g_pfnVectors
                0x000000000800010c                . = ALIGN (0x4)

.text           0x000000000800010c     0x5d24
                0x000000000800010c                . = ALIGN (0x4)
 *(.text)
 .text          0x000000000800010c       0x40 d:/arquivos de programas/stm32cubeide/plugins/com.st.stm32cube.ide.mcu.externaltools.gnu-tools-for-stm32.10.3-2021.10.win32_1.0.0.202111181127/tools/bin/../lib/gcc/arm-none-eabi/10.3.1/thumb/v7-m/nofp/crtbegin.o
 *(.text*)
 .text.HAL_InitTick
                0x000000000800014c       0x48 ./Drivers/STM32F1xx_HAL_Driver/Src/stm32f1xx_hal.o
                0x000000000800014c                HAL_InitTick
 .text.HAL_Init
                0x0000000008000194       0x24 ./Drivers/STM32F1xx_HAL_Driver/Src/stm32f1xx_hal.o
                0x0000000008000194                HAL_Init
 .text.HAL_IncTick
                0x00000000080001b8       0x18 ./Drivers/STM32F1xx_HAL_Driver/Src/stm32f1xx_hal.o
                0x00000000080001b8                HAL_IncTick
 .text.HAL_GetTick
                0x00000000080001d0        0xc ./Drivers/STM32F1xx_HAL_Driver/Src/stm32f1xx_hal.o
                0x00000000080001d0                HAL_GetTick
 .text.HAL_Delay
                0x00000000080001dc       0x28 ./Drivers/STM32F1xx_HAL_Driver/Src/stm32f1xx_hal.o
                0x00000000080001dc                HAL_Delay
 .text.HAL_NVIC_SetPriorityGrouping
                0x0000000008000204       0x24 ./Drivers/STM32F1xx_HAL_Driver/Src/stm32f1xx_hal_cortex.o
                0x0000000008000204                HAL_NVIC_SetPriorityGrouping
 .text.HAL_NVIC_SetPriority
                0x0000000008000228       0x70 ./Drivers/STM32F1xx_HAL_Driver/Src/stm32f1xx_hal_cortex.o
                0x0000000008000228                HAL_NVIC_SetPriority
 .text.HAL_NVIC_EnableIRQ
                0x0000000008000298       0x1c ./Drivers/STM32F1xx_HAL_Driver/Src/stm32f1xx_hal_cortex.o
                0x0000000008000298                HAL_NVIC_EnableIRQ
 .text.HAL_SYSTICK_Config
                0x00000000080002b4       0x28 ./Drivers/STM32F1xx_HAL_Driver/Src/stm32f1xx_hal_cortex.o
                0x00000000080002b4                HAL_SYSTICK_Config
 .text.HAL_GPIO_Init
                0x00000000080002dc      0x224 ./Drivers/STM32F1xx_HAL_Driver/Src/stm32f1xx_hal_gpio.o
                0x00000000080002dc                HAL_GPIO_Init
 .text.HAL_GPIO_ReadPin
                0x0000000008000500        0xe ./Drivers/STM32F1xx_HAL_Driver/Src/stm32f1xx_hal_gpio.o
                0x0000000008000500                HAL_GPIO_ReadPin
 .text.HAL_GPIO_WritePin
                0x000000000800050e        0xc ./Drivers/STM32F1xx_HAL_Driver/Src/stm32f1xx_hal_gpio.o
                0x000000000800050e                HAL_GPIO_WritePin
 .text.HAL_PCD_EP_DB_Receive
                0x000000000800051a      0x11c ./Drivers/STM32F1xx_HAL_Driver/Src/stm32f1xx_hal_pcd.o
 .text.HAL_PCD_Init
                0x0000000008000636      0x118 ./Drivers/STM32F1xx_HAL_Driver/Src/stm32f1xx_hal_pcd.o
                0x0000000008000636                HAL_PCD_Init
 .text.HAL_PCD_Start
                0x000000000800074e       0x32 ./Drivers/STM32F1xx_HAL_Driver/Src/stm32f1xx_hal_pcd.o
                0x000000000800074e                HAL_PCD_Start
 .text.HAL_PCD_EP_DB_Transmit
                0x0000000008000780      0x420 ./Drivers/STM32F1xx_HAL_Driver/Src/stm32f1xx_hal_pcd.o
 .text.PCD_EP_ISR_Handler
                0x0000000008000ba0      0x438 ./Drivers/STM32F1xx_HAL_Driver/Src/stm32f1xx_hal_pcd.o
 .text.HAL_PCD_SetAddress
                0x0000000008000fd8       0x28 ./Drivers/STM32F1xx_HAL_Driver/Src/stm32f1xx_hal_pcd.o
                0x0000000008000fd8                HAL_PCD_SetAddress
 .text.HAL_PCD_IRQHandler
                0x0000000008001000      0x1d4 ./Drivers/STM32F1xx_HAL_Driver/Src/stm32f1xx_hal_pcd.o
                0x0000000008001000                HAL_PCD_IRQHandler
 .text.HAL_PCD_EP_Open
                0x00000000080011d4       0x84 ./Drivers/STM32F1xx_HAL_Driver/Src/stm32f1xx_hal_pcd.o
                0x00000000080011d4                HAL_PCD_EP_Open
 .text.HAL_PCD_EP_Close
                0x0000000008001258       0x64 ./Drivers/STM32F1xx_HAL_Driver/Src/stm32f1xx_hal_pcd.o
                0x0000000008001258                HAL_PCD_EP_Close
 .text.HAL_PCD_EP_Receive
                0x00000000080012bc       0x44 ./Drivers/STM32F1xx_HAL_Driver/Src/stm32f1xx_hal_pcd.o
                0x00000000080012bc                HAL_PCD_EP_Receive
 .text.HAL_PCD_EP_GetRxCount
                0x0000000008001300       0x12 ./Drivers/STM32F1xx_HAL_Driver/Src/stm32f1xx_hal_pcd.o
                0x0000000008001300                HAL_PCD_EP_GetRxCount
 .text.HAL_PCD_EP_Transmit
                0x0000000008001312       0x50 ./Drivers/STM32F1xx_HAL_Driver/Src/stm32f1xx_hal_pcd.o
                0x0000000008001312                HAL_PCD_EP_Transmit
 .text.HAL_PCD_EP_SetStall
                0x0000000008001362       0x78 ./Drivers/STM32F1xx_HAL_Driver/Src/stm32f1xx_hal_pcd.o
                0x0000000008001362                HAL_PCD_EP_SetStall
 .text.HAL_PCD_EP_ClrStall
                0x00000000080013da       0x76 ./Drivers/STM32F1xx_HAL_Driver/Src/stm32f1xx_hal_pcd.o
                0x00000000080013da                HAL_PCD_EP_ClrStall
 .text.HAL_PCDEx_PMAConfig
                0x0000000008001450       0x38 ./Drivers/STM32F1xx_HAL_Driver/Src/stm32f1xx_hal_pcd_ex.o
                0x0000000008001450                HAL_PCDEx_PMAConfig
 .text.HAL_PCDEx_SetConnectionState
                0x0000000008001488        0x2 ./Drivers/STM32F1xx_HAL_Driver/Src/stm32f1xx_hal_pcd_ex.o
                0x0000000008001488                HAL_PCDEx_SetConnectionState
 *fill*         0x000000000800148a        0x2 
 .text.RCC_Delay
                0x000000000800148c       0x2c ./Drivers/STM32F1xx_HAL_Driver/Src/stm32f1xx_hal_rcc.o
 .text.HAL_RCC_OscConfig
                0x00000000080014b8      0x410 ./Drivers/STM32F1xx_HAL_Driver/Src/stm32f1xx_hal_rcc.o
                0x00000000080014b8                HAL_RCC_OscConfig
 .text.HAL_RCC_GetSysClockFreq
                0x00000000080018c8       0x70 ./Drivers/STM32F1xx_HAL_Driver/Src/stm32f1xx_hal_rcc.o
                0x00000000080018c8                HAL_RCC_GetSysClockFreq
 .text.HAL_RCC_ClockConfig
                0x0000000008001938      0x16c ./Drivers/STM32F1xx_HAL_Driver/Src/stm32f1xx_hal_rcc.o
                0x0000000008001938                HAL_RCC_ClockConfig
 .text.HAL_RCCEx_PeriphCLKConfig
                0x0000000008001aa4      0x118 ./Drivers/STM32F1xx_HAL_Driver/Src/stm32f1xx_hal_rcc_ex.o
                0x0000000008001aa4                HAL_RCCEx_PeriphCLKConfig
 .text.TIM_OC1_SetConfig
                0x0000000008001bbc       0x5c ./Drivers/STM32F1xx_HAL_Driver/Src/stm32f1xx_hal_tim.o
 .text.TIM_OC3_SetConfig
                0x0000000008001c18       0x64 ./Drivers/STM32F1xx_HAL_Driver/Src/stm32f1xx_hal_tim.o
 .text.TIM_OC4_SetConfig
                0x0000000008001c7c       0x48 ./Drivers/STM32F1xx_HAL_Driver/Src/stm32f1xx_hal_tim.o
 .text.TIM_TI1_ConfigInputStage
                0x0000000008001cc4       0x24 ./Drivers/STM32F1xx_HAL_Driver/Src/stm32f1xx_hal_tim.o
 .text.TIM_TI2_ConfigInputStage
                0x0000000008001ce8       0x26 ./Drivers/STM32F1xx_HAL_Driver/Src/stm32f1xx_hal_tim.o
 .text.TIM_ITRx_SetConfig
                0x0000000008001d0e       0x10 ./Drivers/STM32F1xx_HAL_Driver/Src/stm32f1xx_hal_tim.o
 .text.HAL_TIM_PWM_MspInit
                0x0000000008001d1e        0x2 ./Drivers/STM32F1xx_HAL_Driver/Src/stm32f1xx_hal_tim.o
                0x0000000008001d1e                HAL_TIM_PWM_MspInit
 .text.TIM_Base_SetConfig
                0x0000000008001d20       0x74 ./Drivers/STM32F1xx_HAL_Driver/Src/stm32f1xx_hal_tim.o
                0x0000000008001d20                TIM_Base_SetConfig
 .text.HAL_TIM_Base_Init
                0x0000000008001d94       0x58 ./Drivers/STM32F1xx_HAL_Driver/Src/stm32f1xx_hal_tim.o
                0x0000000008001d94                HAL_TIM_Base_Init
 .text.HAL_TIM_PWM_Init
                0x0000000008001dec       0x58 ./Drivers/STM32F1xx_HAL_Driver/Src/stm32f1xx_hal_tim.o
                0x0000000008001dec                HAL_TIM_PWM_Init
 .text.TIM_OC2_SetConfig
                0x0000000008001e44       0x64 ./Drivers/STM32F1xx_HAL_Driver/Src/stm32f1xx_hal_tim.o
                0x0000000008001e44                TIM_OC2_SetConfig
 .text.HAL_TIM_PWM_ConfigChannel
                0x0000000008001ea8       0xd0 ./Drivers/STM32F1xx_HAL_Driver/Src/stm32f1xx_hal_tim.o
                0x0000000008001ea8                HAL_TIM_PWM_ConfigChannel
 .text.TIM_ETR_SetConfig
                0x0000000008001f78       0x18 ./Drivers/STM32F1xx_HAL_Driver/Src/stm32f1xx_hal_tim.o
                0x0000000008001f78                TIM_ETR_SetConfig
 .text.HAL_TIM_ConfigClockSource
                0x0000000008001f90       0xda ./Drivers/STM32F1xx_HAL_Driver/Src/stm32f1xx_hal_tim.o
                0x0000000008001f90                HAL_TIM_ConfigClockSource
 .text.TIM_CCxChannelCmd
                0x000000000800206a       0x1e ./Drivers/STM32F1xx_HAL_Driver/Src/stm32f1xx_hal_tim.o
                0x000000000800206a                TIM_CCxChannelCmd
 .text.HAL_TIM_PWM_Start
                0x0000000008002088       0xdc ./Drivers/STM32F1xx_HAL_Driver/Src/stm32f1xx_hal_tim.o
                0x0000000008002088                HAL_TIM_PWM_Start
 .text.HAL_TIM_PWM_Stop
                0x0000000008002164       0x84 ./Drivers/STM32F1xx_HAL_Driver/Src/stm32f1xx_hal_tim.o
                0x0000000008002164                HAL_TIM_PWM_Stop
 .text.HAL_TIMEx_MasterConfigSynchronization
                0x00000000080021e8       0x6c ./Drivers/STM32F1xx_HAL_Driver/Src/stm32f1xx_hal_tim_ex.o
                0x00000000080021e8                HAL_TIMEx_MasterConfigSynchronization
 .text.USB_CoreInit
                0x0000000008002254        0xe ./Drivers/STM32F1xx_HAL_Driver/Src/stm32f1xx_ll_usb.o
                0x0000000008002254                USB_CoreInit
 .text.USB_EnableGlobalInt
                0x0000000008002262       0x12 ./Drivers/STM32F1xx_HAL_Driver/Src/stm32f1xx_ll_usb.o
                0x0000000008002262                USB_EnableGlobalInt
 .text.USB_DisableGlobalInt
                0x0000000008002274       0x14 ./Drivers/STM32F1xx_HAL_Driver/Src/stm32f1xx_ll_usb.o
                0x0000000008002274                USB_DisableGlobalInt
 .text.USB_SetCurrentMode
                0x0000000008002288        0x4 ./Drivers/STM32F1xx_HAL_Driver/Src/stm32f1xx_ll_usb.o
                0x0000000008002288                USB_SetCurrentMode
 .text.USB_DevInit
                0x000000000800228c       0x22 ./Drivers/STM32F1xx_HAL_Driver/Src/stm32f1xx_ll_usb.o
                0x000000000800228c                USB_DevInit
 .text.USB_ActivateEndpoint
                0x00000000080022ae      0x378 ./Drivers/STM32F1xx_HAL_Driver/Src/stm32f1xx_ll_usb.o
                0x00000000080022ae                USB_ActivateEndpoint
 .text.USB_DeactivateEndpoint
                0x0000000008002626      0x1d6 ./Drivers/STM32F1xx_HAL_Driver/Src/stm32f1xx_ll_usb.o
                0x0000000008002626                USB_DeactivateEndpoint
 .text.USB_EPSetStall
                0x00000000080027fc       0x4a ./Drivers/STM32F1xx_HAL_Driver/Src/stm32f1xx_ll_usb.o
                0x00000000080027fc                USB_EPSetStall
 .text.USB_EPClearStall
                0x0000000008002846       0xa2 ./Drivers/STM32F1xx_HAL_Driver/Src/stm32f1xx_ll_usb.o
                0x0000000008002846                USB_EPClearStall
 .text.USB_SetDevAddress
                0x00000000080028e8        0xc ./Drivers/STM32F1xx_HAL_Driver/Src/stm32f1xx_ll_usb.o
                0x00000000080028e8                USB_SetDevAddress
 .text.USB_DevConnect
                0x00000000080028f4        0x4 ./Drivers/STM32F1xx_HAL_Driver/Src/stm32f1xx_ll_usb.o
                0x00000000080028f4                USB_DevConnect
 .text.USB_DevDisconnect
                0x00000000080028f8        0x4 ./Drivers/STM32F1xx_HAL_Driver/Src/stm32f1xx_ll_usb.o
                0x00000000080028f8                USB_DevDisconnect
 .text.USB_ReadInterrupts
                0x00000000080028fc        0x8 ./Drivers/STM32F1xx_HAL_Driver/Src/stm32f1xx_ll_usb.o
                0x00000000080028fc                USB_ReadInterrupts
 .text.USB_EP0_OutStart
                0x0000000008002904        0x4 ./Drivers/STM32F1xx_HAL_Driver/Src/stm32f1xx_ll_usb.o
                0x0000000008002904                USB_EP0_OutStart
 .text.USB_WritePMA
                0x0000000008002908       0x28 ./Drivers/STM32F1xx_HAL_Driver/Src/stm32f1xx_ll_usb.o
                0x0000000008002908                USB_WritePMA
 .text.USB_EPStartXfer
                0x0000000008002930      0x8b2 ./Drivers/STM32F1xx_HAL_Driver/Src/stm32f1xx_ll_usb.o
                0x0000000008002930                USB_EPStartXfer
 .text.USB_ReadPMA
                0x00000000080031e2       0x30 ./Drivers/STM32F1xx_HAL_Driver/Src/stm32f1xx_ll_usb.o
                0x00000000080031e2                USB_ReadPMA
 *fill*         0x0000000008003212        0x2 
 .text.midiMessage
                0x0000000008003214       0xd8 ./Main/Sound/midiMessage.o
                0x0000000008003214                midiMessage
 .text.MX_USB_DEVICE_Init
                0x00000000080032ec       0x60 ./Main/Sound/usb_device.o
                0x00000000080032ec                MX_USB_DEVICE_Init
 .text.HAL_PCD_SetupStageCallback
                0x000000000800334c       0x24 ./Main/Sound/usbd_conf.o
                0x000000000800334c                HAL_PCD_SetupStageCallback
 .text.HAL_PCD_DataOutStageCallback
                0x0000000008003370       0x36 ./Main/Sound/usbd_conf.o
                0x0000000008003370                HAL_PCD_DataOutStageCallback
 .text.HAL_PCD_DataInStageCallback
                0x00000000080033a6       0x34 ./Main/Sound/usbd_conf.o
                0x00000000080033a6                HAL_PCD_DataInStageCallback
 .text.HAL_PCD_SOFCallback
                0x00000000080033da       0x1c ./Main/Sound/usbd_conf.o
                0x00000000080033da                HAL_PCD_SOFCallback
 .text.HAL_PCD_ResetCallback
                0x00000000080033f6       0x42 ./Main/Sound/usbd_conf.o
                0x00000000080033f6                HAL_PCD_ResetCallback
 .text.HAL_PCD_SuspendCallback
                0x0000000008003438       0x34 ./Main/Sound/usbd_conf.o
                0x0000000008003438                HAL_PCD_SuspendCallback
 .text.HAL_PCD_ResumeCallback
                0x000000000800346c       0x1c ./Main/Sound/usbd_conf.o
                0x000000000800346c                HAL_PCD_ResumeCallback
 .text.USBD_LL_Init
                0x0000000008003488       0xc0 ./Main/Sound/usbd_conf.o
                0x0000000008003488                USBD_LL_Init
 .text.USBD_LL_Start
                0x0000000008003548       0x36 ./Main/Sound/usbd_conf.o
                0x0000000008003548                USBD_LL_Start
 .text.USBD_LL_OpenEP
                0x000000000800357e       0x4c ./Main/Sound/usbd_conf.o
                0x000000000800357e                USBD_LL_OpenEP
 .text.USBD_LL_CloseEP
                0x00000000080035ca       0x3e ./Main/Sound/usbd_conf.o
                0x00000000080035ca                USBD_LL_CloseEP
 .text.USBD_LL_StallEP
                0x0000000008003608       0x3e ./Main/Sound/usbd_conf.o
                0x0000000008003608                USBD_LL_StallEP
 .text.USBD_LL_ClearStallEP
                0x0000000008003646       0x3e ./Main/Sound/usbd_conf.o
                0x0000000008003646                USBD_LL_ClearStallEP
 .text.USBD_LL_IsStallEP
                0x0000000008003684       0x58 ./Main/Sound/usbd_conf.o
                0x0000000008003684                USBD_LL_IsStallEP
 .text.USBD_LL_SetUSBAddress
                0x00000000080036dc       0x3e ./Main/Sound/usbd_conf.o
                0x00000000080036dc                USBD_LL_SetUSBAddress
 .text.USBD_LL_Transmit
                0x000000000800371a       0x46 ./Main/Sound/usbd_conf.o
                0x000000000800371a                USBD_LL_Transmit
 .text.USBD_LL_PrepareReceive
                0x0000000008003760       0x46 ./Main/Sound/usbd_conf.o
                0x0000000008003760                USBD_LL_PrepareReceive
 .text.USBD_LL_GetRxDataSize
                0x00000000080037a6       0x26 ./Main/Sound/usbd_conf.o
                0x00000000080037a6                USBD_LL_GetRxDataSize
 .text.USBD_Get_USB_Status
                0x00000000080037cc       0x58 ./Main/Sound/usbd_conf.o
                0x00000000080037cc                USBD_Get_USB_Status
 .text.USBD_Init
                0x0000000008003824       0x56 ./Main/Sound/usbd_core.o
                0x0000000008003824                USBD_Init
 .text.USBD_RegisterClass
                0x000000000800387a       0x32 ./Main/Sound/usbd_core.o
                0x000000000800387a                USBD_RegisterClass
 .text.USBD_Start
                0x00000000080038ac       0x18 ./Main/Sound/usbd_core.o
                0x00000000080038ac                USBD_Start
 .text.USBD_RunTestMode
                0x00000000080038c4       0x14 ./Main/Sound/usbd_core.o
                0x00000000080038c4                USBD_RunTestMode
 .text.USBD_SetClassConfig
                0x00000000080038d8       0x3e ./Main/Sound/usbd_core.o
                0x00000000080038d8                USBD_SetClassConfig
 .text.USBD_ClrClassConfig
                0x0000000008003916       0x26 ./Main/Sound/usbd_core.o
                0x0000000008003916                USBD_ClrClassConfig
 .text.USBD_LL_SetupStage
                0x000000000800393c       0x9a ./Main/Sound/usbd_core.o
                0x000000000800393c                USBD_LL_SetupStage
 .text.USBD_LL_DataOutStage
                0x00000000080039d6       0xe2 ./Main/Sound/usbd_core.o
                0x00000000080039d6                USBD_LL_DataOutStage
 .text.USBD_LL_DataInStage
                0x0000000008003ab8      0x14a ./Main/Sound/usbd_core.o
                0x0000000008003ab8                USBD_LL_DataInStage
 .text.USBD_LL_Reset
                0x0000000008003c02       0x82 ./Main/Sound/usbd_core.o
                0x0000000008003c02                USBD_LL_Reset
 .text.USBD_LL_SetSpeed
                0x0000000008003c84       0x1e ./Main/Sound/usbd_core.o
                0x0000000008003c84                USBD_LL_SetSpeed
 .text.USBD_LL_Suspend
                0x0000000008003ca2       0x28 ./Main/Sound/usbd_core.o
                0x0000000008003ca2                USBD_LL_Suspend
 .text.USBD_LL_Resume
                0x0000000008003cca       0x20 ./Main/Sound/usbd_core.o
                0x0000000008003cca                USBD_LL_Resume
 .text.USBD_LL_SOF
                0x0000000008003cea       0x34 ./Main/Sound/usbd_core.o
                0x0000000008003cea                USBD_LL_SOF
 *fill*         0x0000000008003d1e        0x2 
 .text.USBD_StdDevReq
                0x0000000008003d20       0xd4 ./Main/Sound/usbd_ctlreq.o
                0x0000000008003d20                USBD_StdDevReq
 .text.USBD_StdItfReq
                0x0000000008003df4       0x90 ./Main/Sound/usbd_ctlreq.o
                0x0000000008003df4                USBD_StdItfReq
 .text.USBD_StdEPReq
                0x0000000008003e84      0x2c2 ./Main/Sound/usbd_ctlreq.o
                0x0000000008003e84                USBD_StdEPReq
 *fill*         0x0000000008004146        0x2 
 .text.USBD_GetDescriptor
                0x0000000008004148      0x1f4 ./Main/Sound/usbd_ctlreq.o
 .text.USBD_SetAddress
                0x000000000800433c       0x86 ./Main/Sound/usbd_ctlreq.o
 *fill*         0x00000000080043c2        0x2 
 .text.USBD_SetConfig
                0x00000000080043c4      0x11c ./Main/Sound/usbd_ctlreq.o
 .text.USBD_GetConfig
                0x00000000080044e0       0x6a ./Main/Sound/usbd_ctlreq.o
 .text.USBD_GetStatus
                0x000000000800454a       0x66 ./Main/Sound/usbd_ctlreq.o
 .text.USBD_SetFeature
                0x00000000080045b0       0x28 ./Main/Sound/usbd_ctlreq.o
 .text.USBD_ClrFeature
                0x00000000080045d8       0x42 ./Main/Sound/usbd_ctlreq.o
 .text.USBD_ParseSetupRequest
                0x000000000800461a       0x78 ./Main/Sound/usbd_ctlreq.o
                0x000000000800461a                USBD_ParseSetupRequest
 .text.USBD_CtlError
                0x0000000008004692       0x22 ./Main/Sound/usbd_ctlreq.o
                0x0000000008004692                USBD_CtlError
 .text.USBD_GetString
                0x00000000080046b4       0x84 ./Main/Sound/usbd_ctlreq.o
                0x00000000080046b4                USBD_GetString
 .text.USBD_GetLen
                0x0000000008004738       0x2e ./Main/Sound/usbd_ctlreq.o
 *fill*         0x0000000008004766        0x2 
 .text.USBD_FS_DeviceDescriptor
                0x0000000008004768       0x24 ./Main/Sound/usbd_desc.o
                0x0000000008004768                USBD_FS_DeviceDescriptor
 .text.USBD_FS_LangIDStrDescriptor
                0x000000000800478c       0x24 ./Main/Sound/usbd_desc.o
                0x000000000800478c                USBD_FS_LangIDStrDescriptor
 .text.USBD_FS_ProductStrDescriptor
                0x00000000080047b0       0x3c ./Main/Sound/usbd_desc.o
                0x00000000080047b0                USBD_FS_ProductStrDescriptor
 .text.USBD_FS_ManufacturerStrDescriptor
                0x00000000080047ec       0x28 ./Main/Sound/usbd_desc.o
                0x00000000080047ec                USBD_FS_ManufacturerStrDescriptor
 .text.USBD_FS_SerialStrDescriptor
                0x0000000008004814       0x24 ./Main/Sound/usbd_desc.o
                0x0000000008004814                USBD_FS_SerialStrDescriptor
 .text.USBD_FS_ConfigStrDescriptor
                0x0000000008004838       0x3c ./Main/Sound/usbd_desc.o
                0x0000000008004838                USBD_FS_ConfigStrDescriptor
 .text.USBD_FS_InterfaceStrDescriptor
                0x0000000008004874       0x3c ./Main/Sound/usbd_desc.o
                0x0000000008004874                USBD_FS_InterfaceStrDescriptor
 .text.Get_SerialNum
                0x00000000080048b0       0x58 ./Main/Sound/usbd_desc.o
 .text.IntToUnicode
                0x0000000008004908       0x7c ./Main/Sound/usbd_desc.o
 .text.USBD_CtlSendData
                0x0000000008004984       0x38 ./Main/Sound/usbd_ioreq.o
                0x0000000008004984                USBD_CtlSendData
 .text.USBD_CtlContinueSendData
                0x00000000080049bc       0x24 ./Main/Sound/usbd_ioreq.o
                0x00000000080049bc                USBD_CtlContinueSendData
 .text.USBD_CtlPrepareRx
                0x00000000080049e0       0x3c ./Main/Sound/usbd_ioreq.o
                0x00000000080049e0                USBD_CtlPrepareRx
 .text.USBD_CtlContinueRx
                0x0000000008004a1c       0x24 ./Main/Sound/usbd_ioreq.o
                0x0000000008004a1c                USBD_CtlContinueRx
 .text.USBD_CtlSendStatus
                0x0000000008004a40       0x26 ./Main/Sound/usbd_ioreq.o
                0x0000000008004a40                USBD_CtlSendStatus
 .text.USBD_CtlReceiveStatus
                0x0000000008004a66       0x26 ./Main/Sound/usbd_ioreq.o
                0x0000000008004a66                USBD_CtlReceiveStatus
 .text.USBD_MIDI_Init
                0x0000000008004a8c       0xf6 ./Main/Sound/usbd_midi.o
 .text.USBD_MIDI_DeInit
                0x0000000008004b82       0x6e ./Main/Sound/usbd_midi.o
 .text.USBD_MIDI_Setup
                0x0000000008004bf0      0x146 ./Main/Sound/usbd_midi.o
 .text.USBD_MIDI_DataIn
                0x0000000008004d36       0xa6 ./Main/Sound/usbd_midi.o
 .text.USBD_MIDI_DataOut
                0x0000000008004ddc       0x56 ./Main/Sound/usbd_midi.o
 .text.USBD_MIDI_EP0_RxReady
                0x0000000008004e32       0x50 ./Main/Sound/usbd_midi.o
 *fill*         0x0000000008004e82        0x2 
 .text.USBD_MIDI_GetFSCfgDesc
                0x0000000008004e84       0x20 ./Main/Sound/usbd_midi.o
 .text.USBD_MIDI_GetDeviceQualifierDescriptor
                0x0000000008004ea4       0x20 ./Main/Sound/usbd_midi.o
                0x0000000008004ea4                USBD_MIDI_GetDeviceQualifierDescriptor
 .text.USBD_MIDI_RegisterInterface
                0x0000000008004ec4       0x2c ./Main/Sound/usbd_midi.o
                0x0000000008004ec4                USBD_MIDI_RegisterInterface
 .text.USBD_MIDI_SetTxBuffer
                0x0000000008004ef0       0x32 ./Main/Sound/usbd_midi.o
                0x0000000008004ef0                USBD_MIDI_SetTxBuffer
 .text.USBD_MIDI_SetRxBuffer
                0x0000000008004f22       0x26 ./Main/Sound/usbd_midi.o
                0x0000000008004f22                USBD_MIDI_SetRxBuffer
 .text.USBD_MIDI_TransmitPacket
                0x0000000008004f48       0x5e ./Main/Sound/usbd_midi.o
                0x0000000008004f48                USBD_MIDI_TransmitPacket
 .text.USBD_MIDI_ReceivePacket
                0x0000000008004fa6       0x54 ./Main/Sound/usbd_midi.o
                0x0000000008004fa6                USBD_MIDI_ReceivePacket
 *fill*         0x0000000008004ffa        0x2 
 .text.MIDI_Init_FS
                0x0000000008004ffc       0x28 ./Main/Sound/usbd_midi_if.o
 .text.MIDI_DeInit_FS
                0x0000000008005024        0xe ./Main/Sound/usbd_midi_if.o
 *fill*         0x0000000008005032        0x2 
 .text.MIDI_Control_FS
                0x0000000008005034       0xbc ./Main/Sound/usbd_midi_if.o
 .text.MIDI_Receive_FS
                0x00000000080050f0       0x28 ./Main/Sound/usbd_midi_if.o
 .text.MIDI_Transmit_FS
                0x0000000008005118       0x4c ./Main/Sound/usbd_midi_if.o
                0x0000000008005118                MIDI_Transmit_FS
 .text.initialize
                0x0000000008005164        0xc ./Main/startup.o
                0x0000000008005164                initialize
 .text.keypad_scan
                0x0000000008005170      0x234 ./Main/startup.o
                0x0000000008005170                keypad_scan
 .text.key_pressed
                0x00000000080053a4      0x2d4 ./Main/startup.o
                0x00000000080053a4                key_pressed
 .text.key_unpressed
                0x0000000008005678      0x104 ./Main/startup.o
                0x0000000008005678                key_unpressed
 .text.beep     0x000000000800577c       0x54 ./Main/startup.o
                0x000000000800577c                beep
 .text.MX_GPIO_Init
                0x00000000080057d0       0x88 ./Src/main.o
 .text.MX_USB_PCD_Init
                0x0000000008005858       0x28 ./Src/main.o
 .text.MX_TIM3_Init
                0x0000000008005880       0x98 ./Src/main.o
 .text.SystemClock_Config
                0x0000000008005918       0x6a ./Src/main.o
                0x0000000008005918                SystemClock_Config
 .text.main     0x0000000008005982       0x34 ./Src/main.o
                0x0000000008005982                main
 .text.Error_Handler
                0x00000000080059b6        0x2 ./Src/main.o
                0x00000000080059b6                Error_Handler
 .text.HAL_MspInit
                0x00000000080059b8       0x44 ./Src/stm32f1xx_hal_msp.o
                0x00000000080059b8                HAL_MspInit
 .text.HAL_TIM_Base_MspInit
                0x00000000080059fc       0x2c ./Src/stm32f1xx_hal_msp.o
                0x00000000080059fc                HAL_TIM_Base_MspInit
 .text.HAL_TIM_MspPostInit
                0x0000000008005a28       0x50 ./Src/stm32f1xx_hal_msp.o
                0x0000000008005a28                HAL_TIM_MspPostInit
 .text.HAL_PCD_MspInit
                0x0000000008005a78       0x2c ./Src/stm32f1xx_hal_msp.o
                0x0000000008005a78                HAL_PCD_MspInit
 .text.NMI_Handler
                0x0000000008005aa4        0x2 ./Src/stm32f1xx_it.o
                0x0000000008005aa4                NMI_Handler
 .text.HardFault_Handler
                0x0000000008005aa6        0x2 ./Src/stm32f1xx_it.o
                0x0000000008005aa6                HardFault_Handler
 .text.MemManage_Handler
                0x0000000008005aa8        0x2 ./Src/stm32f1xx_it.o
                0x0000000008005aa8                MemManage_Handler
 .text.BusFault_Handler
                0x0000000008005aaa        0x2 ./Src/stm32f1xx_it.o
                0x0000000008005aaa                BusFault_Handler
 .text.UsageFault_Handler
                0x0000000008005aac        0x2 ./Src/stm32f1xx_it.o
                0x0000000008005aac                UsageFault_Handler
 .text.SVC_Handler
                0x0000000008005aae        0x2 ./Src/stm32f1xx_it.o
                0x0000000008005aae                SVC_Handler
 .text.DebugMon_Handler
                0x0000000008005ab0        0x2 ./Src/stm32f1xx_it.o
                0x0000000008005ab0                DebugMon_Handler
 .text.PendSV_Handler
                0x0000000008005ab2        0x2 ./Src/stm32f1xx_it.o
                0x0000000008005ab2                PendSV_Handler
 .text.SysTick_Handler
                0x0000000008005ab4        0x8 ./Src/stm32f1xx_it.o
                0x0000000008005ab4                SysTick_Handler
 .text.USB_LP_CAN1_RX0_IRQHandler
                0x0000000008005abc       0x10 ./Src/stm32f1xx_it.o
                0x0000000008005abc                USB_LP_CAN1_RX0_IRQHandler
 .text._sbrk    0x0000000008005acc       0x3c ./Src/syscalls.o
                0x0000000008005acc                _sbrk
 .text.SystemInit
                0x0000000008005b08       0x4c ./Src/system_stm32f1xx.o
                0x0000000008005b08                SystemInit
 .text.Reset_Handler
                0x0000000008005b54       0x48 ./startup/startup_stm32f103xb.o
                0x0000000008005b54                Reset_Handler
 .text.Default_Handler
                0x0000000008005b9c        0x2 ./startup/startup_stm32f103xb.o
                0x0000000008005b9c                RTC_Alarm_IRQHandler
                0x0000000008005b9c                EXTI2_IRQHandler
                0x0000000008005b9c                TIM1_CC_IRQHandler
                0x0000000008005b9c                PVD_IRQHandler
                0x0000000008005b9c                EXTI3_IRQHandler
                0x0000000008005b9c                EXTI0_IRQHandler
                0x0000000008005b9c                I2C2_EV_IRQHandler
                0x0000000008005b9c                ADC1_2_IRQHandler
                0x0000000008005b9c                SPI1_IRQHandler
                0x0000000008005b9c                TAMPER_IRQHandler
                0x0000000008005b9c                DMA1_Channel4_IRQHandler
                0x0000000008005b9c                USART3_IRQHandler
                0x0000000008005b9c                RTC_IRQHandler
                0x0000000008005b9c                DMA1_Channel7_IRQHandler
                0x0000000008005b9c                CAN1_RX1_IRQHandler
                0x0000000008005b9c                TIM4_IRQHandler
                0x0000000008005b9c                I2C1_EV_IRQHandler
                0x0000000008005b9c                DMA1_Channel6_IRQHandler
                0x0000000008005b9c                TIM3_IRQHandler
                0x0000000008005b9c                RCC_IRQHandler
                0x0000000008005b9c                TIM1_TRG_COM_IRQHandler
                0x0000000008005b9c                DMA1_Channel1_IRQHandler
                0x0000000008005b9c                Default_Handler
                0x0000000008005b9c                EXTI15_10_IRQHandler
                0x0000000008005b9c                EXTI9_5_IRQHandler
                0x0000000008005b9c                SPI2_IRQHandler
                0x0000000008005b9c                DMA1_Channel5_IRQHandler
                0x0000000008005b9c                EXTI4_IRQHandler
                0x0000000008005b9c                USB_HP_CAN1_TX_IRQHandler
                0x0000000008005b9c                DMA1_Channel3_IRQHandler
                0x0000000008005b9c                TIM1_UP_IRQHandler
                0x0000000008005b9c                WWDG_IRQHandler
                0x0000000008005b9c                TIM2_IRQHandler
                0x0000000008005b9c                TIM1_BRK_IRQHandler
                0x0000000008005b9c                EXTI1_IRQHandler
                0x0000000008005b9c                USART2_IRQHandler
                0x0000000008005b9c                I2C2_ER_IRQHandler
                0x0000000008005b9c                DMA1_Channel2_IRQHandler
                0x0000000008005b9c                CAN1_SCE_IRQHandler
                0x0000000008005b9c                FLASH_IRQHandler
                0x0000000008005b9c                USART1_IRQHandler
                0x0000000008005b9c                I2C1_ER_IRQHandler
                0x0000000008005b9c                USBWakeUp_IRQHandler
 *fill*         0x0000000008005b9e        0x2 
 .text.__errno  0x0000000008005ba0        0xc d:/arquivos de programas/stm32cubeide/plugins/com.st.stm32cube.ide.mcu.externaltools.gnu-tools-for-stm32.10.3-2021.10.win32_1.0.0.202111181127/tools/bin/../lib/gcc/arm-none-eabi/10.3.1/../../../../arm-none-eabi/lib/thumb/v7-m/nofp\libc_nano.a(lib_a-errno.o)
                0x0000000008005ba0                __errno
 .text.__libc_init_array
                0x0000000008005bac       0x48 d:/arquivos de programas/stm32cubeide/plugins/com.st.stm32cube.ide.mcu.externaltools.gnu-tools-for-stm32.10.3-2021.10.win32_1.0.0.202111181127/tools/bin/../lib/gcc/arm-none-eabi/10.3.1/../../../../arm-none-eabi/lib/thumb/v7-m/nofp\libc_nano.a(lib_a-init.o)
                0x0000000008005bac                __libc_init_array
 .text.malloc   0x0000000008005bf4       0x10 d:/arquivos de programas/stm32cubeide/plugins/com.st.stm32cube.ide.mcu.externaltools.gnu-tools-for-stm32.10.3-2021.10.win32_1.0.0.202111181127/tools/bin/../lib/gcc/arm-none-eabi/10.3.1/../../../../arm-none-eabi/lib/thumb/v7-m/nofp\libc_nano.a(lib_a-malloc.o)
                0x0000000008005bf4                malloc
 .text.free     0x0000000008005c04       0x10 d:/arquivos de programas/stm32cubeide/plugins/com.st.stm32cube.ide.mcu.externaltools.gnu-tools-for-stm32.10.3-2021.10.win32_1.0.0.202111181127/tools/bin/../lib/gcc/arm-none-eabi/10.3.1/../../../../arm-none-eabi/lib/thumb/v7-m/nofp\libc_nano.a(lib_a-malloc.o)
                0x0000000008005c04                free
 .text.memset   0x0000000008005c14       0x10 d:/arquivos de programas/stm32cubeide/plugins/com.st.stm32cube.ide.mcu.externaltools.gnu-tools-for-stm32.10.3-2021.10.win32_1.0.0.202111181127/tools/bin/../lib/gcc/arm-none-eabi/10.3.1/../../../../arm-none-eabi/lib/thumb/v7-m/nofp\libc_nano.a(lib_a-memset.o)
                0x0000000008005c14                memset
 .text._free_r  0x0000000008005c24       0x90 d:/arquivos de programas/stm32cubeide/plugins/com.st.stm32cube.ide.mcu.externaltools.gnu-tools-for-stm32.10.3-2021.10.win32_1.0.0.202111181127/tools/bin/../lib/gcc/arm-none-eabi/10.3.1/../../../../arm-none-eabi/lib/thumb/v7-m/nofp\libc_nano.a(lib_a-nano-freer.o)
                0x0000000008005c24                _free_r
 .text.sbrk_aligned
                0x0000000008005cb4       0x40 d:/arquivos de programas/stm32cubeide/plugins/com.st.stm32cube.ide.mcu.externaltools.gnu-tools-for-stm32.10.3-2021.10.win32_1.0.0.202111181127/tools/bin/../lib/gcc/arm-none-eabi/10.3.1/../../../../arm-none-eabi/lib/thumb/v7-m/nofp\libc_nano.a(lib_a-nano-mallocr.o)
 .text._malloc_r
                0x0000000008005cf4       0xe8 d:/arquivos de programas/stm32cubeide/plugins/com.st.stm32cube.ide.mcu.externaltools.gnu-tools-for-stm32.10.3-2021.10.win32_1.0.0.202111181127/tools/bin/../lib/gcc/arm-none-eabi/10.3.1/../../../../arm-none-eabi/lib/thumb/v7-m/nofp\libc_nano.a(lib_a-nano-mallocr.o)
                0x0000000008005cf4                _malloc_r
 .text._sbrk_r  0x0000000008005ddc       0x20 d:/arquivos de programas/stm32cubeide/plugins/com.st.stm32cube.ide.mcu.externaltools.gnu-tools-for-stm32.10.3-2021.10.win32_1.0.0.202111181127/tools/bin/../lib/gcc/arm-none-eabi/10.3.1/../../../../arm-none-eabi/lib/thumb/v7-m/nofp\libc_nano.a(lib_a-sbrkr.o)
                0x0000000008005ddc                _sbrk_r
 .text.__malloc_lock
                0x0000000008005dfc        0xc d:/arquivos de programas/stm32cubeide/plugins/com.st.stm32cube.ide.mcu.externaltools.gnu-tools-for-stm32.10.3-2021.10.win32_1.0.0.202111181127/tools/bin/../lib/gcc/arm-none-eabi/10.3.1/../../../../arm-none-eabi/lib/thumb/v7-m/nofp\libc_nano.a(lib_a-mlock.o)
                0x0000000008005dfc                __malloc_lock
 .text.__malloc_unlock
                0x0000000008005e08        0xc d:/arquivos de programas/stm32cubeide/plugins/com.st.stm32cube.ide.mcu.externaltools.gnu-tools-for-stm32.10.3-2021.10.win32_1.0.0.202111181127/tools/bin/../lib/gcc/arm-none-eabi/10.3.1/../../../../arm-none-eabi/lib/thumb/v7-m/nofp\libc_nano.a(lib_a-mlock.o)
                0x0000000008005e08                __malloc_unlock
 .text.__retarget_lock_acquire_recursive
                0x0000000008005e14        0x2 d:/arquivos de programas/stm32cubeide/plugins/com.st.stm32cube.ide.mcu.externaltools.gnu-tools-for-stm32.10.3-2021.10.win32_1.0.0.202111181127/tools/bin/../lib/gcc/arm-none-eabi/10.3.1/../../../../arm-none-eabi/lib/thumb/v7-m/nofp\libc_nano.a(lib_a-lock.o)
                0x0000000008005e14                __retarget_lock_acquire_recursive
 .text.__retarget_lock_release_recursive
                0x0000000008005e16        0x2 d:/arquivos de programas/stm32cubeide/plugins/com.st.stm32cube.ide.mcu.externaltools.gnu-tools-for-stm32.10.3-2021.10.win32_1.0.0.202111181127/tools/bin/../lib/gcc/arm-none-eabi/10.3.1/../../../../arm-none-eabi/lib/thumb/v7-m/nofp\libc_nano.a(lib_a-lock.o)
                0x0000000008005e16                __retarget_lock_release_recursive
 *(.glue_7)
 .glue_7        0x0000000008005e18        0x0 linker stubs
 *(.glue_7t)
 .glue_7t       0x0000000008005e18        0x0 linker stubs
 *(.eh_frame)
 .eh_frame      0x0000000008005e18        0x0 d:/arquivos de programas/stm32cubeide/plugins/com.st.stm32cube.ide.mcu.externaltools.gnu-tools-for-stm32.10.3-2021.10.win32_1.0.0.202111181127/tools/bin/../lib/gcc/arm-none-eabi/10.3.1/thumb/v7-m/nofp/crtbegin.o
 *(.init)
 .init          0x0000000008005e18        0x4 d:/arquivos de programas/stm32cubeide/plugins/com.st.stm32cube.ide.mcu.externaltools.gnu-tools-for-stm32.10.3-2021.10.win32_1.0.0.202111181127/tools/bin/../lib/gcc/arm-none-eabi/10.3.1/thumb/v7-m/nofp/crti.o
                0x0000000008005e18                _init
 .init          0x0000000008005e1c        0x8 d:/arquivos de programas/stm32cubeide/plugins/com.st.stm32cube.ide.mcu.externaltools.gnu-tools-for-stm32.10.3-2021.10.win32_1.0.0.202111181127/tools/bin/../lib/gcc/arm-none-eabi/10.3.1/thumb/v7-m/nofp/crtn.o
 *(.fini)
 .fini          0x0000000008005e24        0x4 d:/arquivos de programas/stm32cubeide/plugins/com.st.stm32cube.ide.mcu.externaltools.gnu-tools-for-stm32.10.3-2021.10.win32_1.0.0.202111181127/tools/bin/../lib/gcc/arm-none-eabi/10.3.1/thumb/v7-m/nofp/crti.o
                0x0000000008005e24                _fini
 .fini          0x0000000008005e28        0x8 d:/arquivos de programas/stm32cubeide/plugins/com.st.stm32cube.ide.mcu.externaltools.gnu-tools-for-stm32.10.3-2021.10.win32_1.0.0.202111181127/tools/bin/../lib/gcc/arm-none-eabi/10.3.1/thumb/v7-m/nofp/crtn.o
                0x0000000008005e30                . = ALIGN (0x4)
                0x0000000008005e30                _etext = .

.vfp11_veneer   0x0000000008005e30        0x0
 .vfp11_veneer  0x0000000008005e30        0x0 linker stubs

.v4_bx          0x0000000008005e30        0x0
 .v4_bx         0x0000000008005e30        0x0 linker stubs

.iplt           0x0000000008005e30        0x0
 .iplt          0x0000000008005e30        0x0 d:/arquivos de programas/stm32cubeide/plugins/com.st.stm32cube.ide.mcu.externaltools.gnu-tools-for-stm32.10.3-2021.10.win32_1.0.0.202111181127/tools/bin/../lib/gcc/arm-none-eabi/10.3.1/thumb/v7-m/nofp/crtbegin.o

.rodata         0x0000000008005e30       0x68
                0x0000000008005e30                . = ALIGN (0x4)
 *(.rodata)
 .rodata        0x0000000008005e30       0x3b ./Main/Sound/usbd_desc.o
 *fill*         0x0000000008005e6b        0x1 
 .rodata        0x0000000008005e6c       0x18 ./Src/system_stm32f1xx.o
                0x0000000008005e6c                AHBPrescTable
                0x0000000008005e7c                APBPrescTable
 *(.rodata*)
 .rodata.str1.4
                0x0000000008005e84       0x11 ./Drivers/STM32F1xx_HAL_Driver/Src/stm32f1xx_hal_rcc.o
                0x0000000008005e98                . = ALIGN (0x4)
 *fill*         0x0000000008005e95        0x3 

.rel.dyn        0x0000000008005e98        0x0
 .rel.iplt      0x0000000008005e98        0x0 d:/arquivos de programas/stm32cubeide/plugins/com.st.stm32cube.ide.mcu.externaltools.gnu-tools-for-stm32.10.3-2021.10.win32_1.0.0.202111181127/tools/bin/../lib/gcc/arm-none-eabi/10.3.1/thumb/v7-m/nofp/crtbegin.o

.ARM.extab
 *(.ARM.extab* .gnu.linkonce.armextab.*)

.ARM            0x0000000008005e98        0x0
                0x0000000008005e98                __exidx_start = .
 *(.ARM.exidx*)
                0x0000000008005e98                __exidx_end = .

.preinit_array  0x0000000008005e98        0x0
                0x0000000008005e98                PROVIDE (__preinit_array_start = .)
 *(.preinit_array*)
                0x0000000008005e98                PROVIDE (__preinit_array_end = .)

.init_array     0x0000000008005e98        0x4
                0x0000000008005e98                PROVIDE (__init_array_start = .)
 *(SORT_BY_NAME(.init_array.*))
 *(.init_array*)
 .init_array    0x0000000008005e98        0x4 d:/arquivos de programas/stm32cubeide/plugins/com.st.stm32cube.ide.mcu.externaltools.gnu-tools-for-stm32.10.3-2021.10.win32_1.0.0.202111181127/tools/bin/../lib/gcc/arm-none-eabi/10.3.1/thumb/v7-m/nofp/crtbegin.o
                0x0000000008005e9c                PROVIDE (__init_array_end = .)

.fini_array     0x0000000008005e9c        0x4
                [!provide]                        PROVIDE (__fini_array_start = .)
 *(SORT_BY_NAME(.fini_array.*))
 *(.fini_array*)
 .fini_array    0x0000000008005e9c        0x4 d:/arquivos de programas/stm32cubeide/plugins/com.st.stm32cube.ide.mcu.externaltools.gnu-tools-for-stm32.10.3-2021.10.win32_1.0.0.202111181127/tools/bin/../lib/gcc/arm-none-eabi/10.3.1/thumb/v7-m/nofp/crtbegin.o
                [!provide]                        PROVIDE (__fini_array_end = .)
                0x0000000008005ea0                _sidata = LOADADDR (.data)

.data           0x0000000020000000      0x180 load address 0x0000000008005ea0
                0x0000000020000000                . = ALIGN (0x4)
                0x0000000020000000                _sdata = .
 *(.data)
 .data          0x0000000020000000        0x8 ./Drivers/STM32F1xx_HAL_Driver/Src/stm32f1xx_hal.o
                0x0000000020000000                uwTickFreq
                0x0000000020000004                uwTickPrio
 .data          0x0000000020000008       0x4e ./Main/Sound/usbd_desc.o
                0x0000000020000008                FS_Desc
                0x0000000020000024                USBD_FS_DeviceDesc
                0x0000000020000038                USBD_LangIDDesc
                0x000000002000003c                USBD_StringSerial
 *fill*         0x0000000020000056        0x2 
 .data          0x0000000020000058       0xa9 ./Main/Sound/usbd_midi.o
                0x0000000020000064                USBD_MIDI
                0x000000002000009c                USBD_MIDI_CfgFSDesc
 *fill*         0x0000000020000101        0x3 
 .data          0x0000000020000104       0x10 ./Main/Sound/usbd_midi_if.o
                0x0000000020000104                USBD_Interface_fops_FS
 .data          0x0000000020000114        0x4 ./Main/startup.o
 .data          0x0000000020000118        0x4 ./Src/system_stm32f1xx.o
                0x0000000020000118                SystemCoreClock
 *(.data*)
 .data._impure_ptr
                0x000000002000011c        0x4 d:/arquivos de programas/stm32cubeide/plugins/com.st.stm32cube.ide.mcu.externaltools.gnu-tools-for-stm32.10.3-2021.10.win32_1.0.0.202111181127/tools/bin/../lib/gcc/arm-none-eabi/10.3.1/../../../../arm-none-eabi/lib/thumb/v7-m/nofp\libc_nano.a(lib_a-impure.o)
                0x000000002000011c                _impure_ptr
 .data.impure_data
                0x0000000020000120       0x60 d:/arquivos de programas/stm32cubeide/plugins/com.st.stm32cube.ide.mcu.externaltools.gnu-tools-for-stm32.10.3-2021.10.win32_1.0.0.202111181127/tools/bin/../lib/gcc/arm-none-eabi/10.3.1/../../../../arm-none-eabi/lib/thumb/v7-m/nofp\libc_nano.a(lib_a-impure.o)
                0x0000000020000180                . = ALIGN (0x4)
                0x0000000020000180                _edata = .

.igot.plt       0x0000000020000180        0x0 load address 0x0000000008006020
 .igot.plt      0x0000000020000180        0x0 d:/arquivos de programas/stm32cubeide/plugins/com.st.stm32cube.ide.mcu.externaltools.gnu-tools-for-stm32.10.3-2021.10.win32_1.0.0.202111181127/tools/bin/../lib/gcc/arm-none-eabi/10.3.1/thumb/v7-m/nofp/crtbegin.o
                0x0000000020000180                . = ALIGN (0x4)

.bss            0x0000000020000180     0x1b9c load address 0x0000000008006020
                0x0000000020000180                _sbss = .
                0x0000000020000180                __bss_start__ = _sbss
 *(.bss)
 .bss           0x0000000020000180       0x1c d:/arquivos de programas/stm32cubeide/plugins/com.st.stm32cube.ide.mcu.externaltools.gnu-tools-for-stm32.10.3-2021.10.win32_1.0.0.202111181127/tools/bin/../lib/gcc/arm-none-eabi/10.3.1/thumb/v7-m/nofp/crtbegin.o
 .bss           0x000000002000019c        0x4 ./Drivers/STM32F1xx_HAL_Driver/Src/stm32f1xx_hal.o
                0x000000002000019c                uwTick
 .bss           0x00000000200001a0       0x41 ./Main/Sound/midiMessage.o
 *fill*         0x00000000200001e1        0x3 
 .bss           0x00000000200001e4      0x29c ./Main/Sound/usb_device.o
                0x00000000200001e4                hUsbDeviceFS
 .bss           0x0000000020000480      0x2ec ./Main/Sound/usbd_conf.o
                0x0000000020000480                hpcd_USB_FS
 .bss           0x000000002000076c        0x1 ./Main/Sound/usbd_ctlreq.o
 *fill*         0x000000002000076d        0x3 
 .bss           0x0000000020000770      0x200 ./Main/Sound/usbd_desc.o
                0x0000000020000770                USBD_StrDesc
 .bss           0x0000000020000970     0x1000 ./Main/Sound/usbd_midi_if.o
                0x0000000020000970                UserRxBufferFS
                0x0000000020001170                UserTxBufferFS
 .bss           0x0000000020001970       0x5d ./Main/startup.o
                0x0000000020001970                htim3
 *fill*         0x00000000200019cd        0x3 
 .bss           0x00000000200019d0      0x334 ./Src/main.o
 .bss           0x0000000020001d04        0x8 ./Src/syscalls.o
                0x0000000020001d08                __env
 *(.bss*)
 .bss.__malloc_free_list
                0x0000000020001d0c        0x4 d:/arquivos de programas/stm32cubeide/plugins/com.st.stm32cube.ide.mcu.externaltools.gnu-tools-for-stm32.10.3-2021.10.win32_1.0.0.202111181127/tools/bin/../lib/gcc/arm-none-eabi/10.3.1/../../../../arm-none-eabi/lib/thumb/v7-m/nofp\libc_nano.a(lib_a-nano-mallocr.o)
                0x0000000020001d0c                __malloc_free_list
 .bss.__malloc_sbrk_start
                0x0000000020001d10        0x4 d:/arquivos de programas/stm32cubeide/plugins/com.st.stm32cube.ide.mcu.externaltools.gnu-tools-for-stm32.10.3-2021.10.win32_1.0.0.202111181127/tools/bin/../lib/gcc/arm-none-eabi/10.3.1/../../../../arm-none-eabi/lib/thumb/v7-m/nofp\libc_nano.a(lib_a-nano-mallocr.o)
                0x0000000020001d10                __malloc_sbrk_start
 .bss.errno     0x0000000020001d14        0x4 d:/arquivos de programas/stm32cubeide/plugins/com.st.stm32cube.ide.mcu.externaltools.gnu-tools-for-stm32.10.3-2021.10.win32_1.0.0.202111181127/tools/bin/../lib/gcc/arm-none-eabi/10.3.1/../../../../arm-none-eabi/lib/thumb/v7-m/nofp\libc_nano.a(lib_a-reent.o)
                0x0000000020001d14                errno
 .bss.__lock___malloc_recursive_mutex
                0x0000000020001d18        0x1 d:/arquivos de programas/stm32cubeide/plugins/com.st.stm32cube.ide.mcu.externaltools.gnu-tools-for-stm32.10.3-2021.10.win32_1.0.0.202111181127/tools/bin/../lib/gcc/arm-none-eabi/10.3.1/../../../../arm-none-eabi/lib/thumb/v7-m/nofp\libc_nano.a(lib_a-lock.o)
                0x0000000020001d18                __lock___malloc_recursive_mutex
 *(COMMON)
                0x0000000020001d1c                . = ALIGN (0x4)
 *fill*         0x0000000020001d19        0x3 
                0x0000000020001d1c                _ebss = .
                0x0000000020001d1c                __bss_end__ = _ebss

._user_heap_stack
                0x0000000020001d1c      0x604 load address 0x0000000008006020
                0x0000000020001d20                . = ALIGN (0x8)
 *fill*         0x0000000020001d1c        0x4 
                0x0000000020001d20                PROVIDE (end = .)
                [!provide]                        PROVIDE (_end = .)
                0x0000000020001f20                . = (. + _Min_Heap_Size)
 *fill*         0x0000000020001d20      0x200 
                0x0000000020002320                . = (. + _Min_Stack_Size)
 *fill*         0x0000000020001f20      0x400 
                0x0000000020002320                . = ALIGN (0x8)

/DISCARD/
 libc.a(*)
 libm.a(*)
 libgcc.a(*)

.ARM.attributes
                0x0000000000000000       0x29
 *(.ARM.attributes)
 .ARM.attributes
                0x0000000000000000       0x1d d:/arquivos de programas/stm32cubeide/plugins/com.st.stm32cube.ide.mcu.externaltools.gnu-tools-for-stm32.10.3-2021.10.win32_1.0.0.202111181127/tools/bin/../lib/gcc/arm-none-eabi/10.3.1/thumb/v7-m/nofp/crti.o
 .ARM.attributes
                0x000000000000001d       0x2d d:/arquivos de programas/stm32cubeide/plugins/com.st.stm32cube.ide.mcu.externaltools.gnu-tools-for-stm32.10.3-2021.10.win32_1.0.0.202111181127/tools/bin/../lib/gcc/arm-none-eabi/10.3.1/thumb/v7-m/nofp/crtbegin.o
 .ARM.attributes
                0x000000000000004a       0x2d ./Drivers/STM32F1xx_HAL_Driver/Src/stm32f1xx_hal.o
 .ARM.attributes
                0x0000000000000077       0x2d ./Drivers/STM32F1xx_HAL_Driver/Src/stm32f1xx_hal_cortex.o
 .ARM.attributes
                0x00000000000000a4       0x2d ./Drivers/STM32F1xx_HAL_Driver/Src/stm32f1xx_hal_gpio.o
 .ARM.attributes
                0x00000000000000d1       0x2d ./Drivers/STM32F1xx_HAL_Driver/Src/stm32f1xx_hal_pcd.o
 .ARM.attributes
                0x00000000000000fe       0x2d ./Drivers/STM32F1xx_HAL_Driver/Src/stm32f1xx_hal_pcd_ex.o
 .ARM.attributes
                0x000000000000012b       0x2d ./Drivers/STM32F1xx_HAL_Driver/Src/stm32f1xx_hal_rcc.o
 .ARM.attributes
                0x0000000000000158       0x2d ./Drivers/STM32F1xx_HAL_Driver/Src/stm32f1xx_hal_rcc_ex.o
 .ARM.attributes
                0x0000000000000185       0x2d ./Drivers/STM32F1xx_HAL_Driver/Src/stm32f1xx_hal_tim.o
 .ARM.attributes
                0x00000000000001b2       0x2d ./Drivers/STM32F1xx_HAL_Driver/Src/stm32f1xx_hal_tim_ex.o
 .ARM.attributes
                0x00000000000001df       0x2d ./Drivers/STM32F1xx_HAL_Driver/Src/stm32f1xx_ll_usb.o
 .ARM.attributes
                0x000000000000020c       0x2d ./Main/Sound/midiMessage.o
 .ARM.attributes
                0x0000000000000239       0x2d ./Main/Sound/usb_device.o
 .ARM.attributes
                0x0000000000000266       0x2d ./Main/Sound/usbd_conf.o
 .ARM.attributes
                0x0000000000000293       0x2d ./Main/Sound/usbd_core.o
 .ARM.attributes
                0x00000000000002c0       0x2d ./Main/Sound/usbd_ctlreq.o
 .ARM.attributes
                0x00000000000002ed       0x2d ./Main/Sound/usbd_desc.o
 .ARM.attributes
                0x000000000000031a       0x2d ./Main/Sound/usbd_ioreq.o
 .ARM.attributes
                0x0000000000000347       0x2d ./Main/Sound/usbd_midi.o
 .ARM.attributes
                0x0000000000000374       0x2d ./Main/Sound/usbd_midi_if.o
 .ARM.attributes
                0x00000000000003a1       0x2d ./Main/startup.o
 .ARM.attributes
                0x00000000000003ce       0x2d ./Src/main.o
 .ARM.attributes
                0x00000000000003fb       0x2d ./Src/stm32f1xx_hal_msp.o
 .ARM.attributes
                0x0000000000000428       0x2d ./Src/stm32f1xx_it.o
 .ARM.attributes
                0x0000000000000455       0x2d ./Src/syscalls.o
 .ARM.attributes
                0x0000000000000482       0x2d ./Src/system_stm32f1xx.o
 .ARM.attributes
                0x00000000000004af       0x21 ./startup/startup_stm32f103xb.o
 .ARM.attributes
                0x00000000000004d0       0x2d d:/arquivos de programas/stm32cubeide/plugins/com.st.stm32cube.ide.mcu.externaltools.gnu-tools-for-stm32.10.3-2021.10.win32_1.0.0.202111181127/tools/bin/../lib/gcc/arm-none-eabi/10.3.1/../../../../arm-none-eabi/lib/thumb/v7-m/nofp\libc_nano.a(lib_a-errno.o)
 .ARM.attributes
                0x00000000000004fd       0x2d d:/arquivos de programas/stm32cubeide/plugins/com.st.stm32cube.ide.mcu.externaltools.gnu-tools-for-stm32.10.3-2021.10.win32_1.0.0.202111181127/tools/bin/../lib/gcc/arm-none-eabi/10.3.1/../../../../arm-none-eabi/lib/thumb/v7-m/nofp\libc_nano.a(lib_a-impure.o)
 .ARM.attributes
                0x000000000000052a       0x2d d:/arquivos de programas/stm32cubeide/plugins/com.st.stm32cube.ide.mcu.externaltools.gnu-tools-for-stm32.10.3-2021.10.win32_1.0.0.202111181127/tools/bin/../lib/gcc/arm-none-eabi/10.3.1/../../../../arm-none-eabi/lib/thumb/v7-m/nofp\libc_nano.a(lib_a-init.o)
 .ARM.attributes
                0x0000000000000557       0x2d d:/arquivos de programas/stm32cubeide/plugins/com.st.stm32cube.ide.mcu.externaltools.gnu-tools-for-stm32.10.3-2021.10.win32_1.0.0.202111181127/tools/bin/../lib/gcc/arm-none-eabi/10.3.1/../../../../arm-none-eabi/lib/thumb/v7-m/nofp\libc_nano.a(lib_a-malloc.o)
 .ARM.attributes
                0x0000000000000584       0x2d d:/arquivos de programas/stm32cubeide/plugins/com.st.stm32cube.ide.mcu.externaltools.gnu-tools-for-stm32.10.3-2021.10.win32_1.0.0.202111181127/tools/bin/../lib/gcc/arm-none-eabi/10.3.1/../../../../arm-none-eabi/lib/thumb/v7-m/nofp\libc_nano.a(lib_a-memset.o)
 .ARM.attributes
                0x00000000000005b1       0x2d d:/arquivos de programas/stm32cubeide/plugins/com.st.stm32cube.ide.mcu.externaltools.gnu-tools-for-stm32.10.3-2021.10.win32_1.0.0.202111181127/tools/bin/../lib/gcc/arm-none-eabi/10.3.1/../../../../arm-none-eabi/lib/thumb/v7-m/nofp\libc_nano.a(lib_a-nano-freer.o)
 .ARM.attributes
                0x00000000000005de       0x2d d:/arquivos de programas/stm32cubeide/plugins/com.st.stm32cube.ide.mcu.externaltools.gnu-tools-for-stm32.10.3-2021.10.win32_1.0.0.202111181127/tools/bin/../lib/gcc/arm-none-eabi/10.3.1/../../../../arm-none-eabi/lib/thumb/v7-m/nofp\libc_nano.a(lib_a-nano-mallocr.o)
 .ARM.attributes
                0x000000000000060b       0x2d d:/arquivos de programas/stm32cubeide/plugins/com.st.stm32cube.ide.mcu.externaltools.gnu-tools-for-stm32.10.3-2021.10.win32_1.0.0.202111181127/tools/bin/../lib/gcc/arm-none-eabi/10.3.1/../../../../arm-none-eabi/lib/thumb/v7-m/nofp\libc_nano.a(lib_a-sbrkr.o)
 .ARM.attributes
                0x0000000000000638       0x2d d:/arquivos de programas/stm32cubeide/plugins/com.st.stm32cube.ide.mcu.externaltools.gnu-tools-for-stm32.10.3-2021.10.win32_1.0.0.202111181127/tools/bin/../lib/gcc/arm-none-eabi/10.3.1/../../../../arm-none-eabi/lib/thumb/v7-m/nofp\libc_nano.a(lib_a-mlock.o)
 .ARM.attributes
                0x0000000000000665       0x2d d:/arquivos de programas/stm32cubeide/plugins/com.st.stm32cube.ide.mcu.externaltools.gnu-tools-for-stm32.10.3-2021.10.win32_1.0.0.202111181127/tools/bin/../lib/gcc/arm-none-eabi/10.3.1/../../../../arm-none-eabi/lib/thumb/v7-m/nofp\libc_nano.a(lib_a-reent.o)
 .ARM.attributes
                0x0000000000000692       0x2d d:/arquivos de programas/stm32cubeide/plugins/com.st.stm32cube.ide.mcu.externaltools.gnu-tools-for-stm32.10.3-2021.10.win32_1.0.0.202111181127/tools/bin/../lib/gcc/arm-none-eabi/10.3.1/../../../../arm-none-eabi/lib/thumb/v7-m/nofp\libc_nano.a(lib_a-lock.o)
 .ARM.attributes
                0x00000000000006bf       0x1d d:/arquivos de programas/stm32cubeide/plugins/com.st.stm32cube.ide.mcu.externaltools.gnu-tools-for-stm32.10.3-2021.10.win32_1.0.0.202111181127/tools/bin/../lib/gcc/arm-none-eabi/10.3.1/thumb/v7-m/nofp/crtn.o
OUTPUT(stm32f103-midi.elf elf32-littlearm)
LOAD linker stubs
LOAD d:/arquivos de programas/stm32cubeide/plugins/com.st.stm32cube.ide.mcu.externaltools.gnu-tools-for-stm32.10.3-2021.10.win32_1.0.0.202111181127/tools/bin/../lib/gcc/arm-none-eabi/10.3.1/../../../../arm-none-eabi/lib/thumb/v7-m/nofp\libc.a
LOAD d:/arquivos de programas/stm32cubeide/plugins/com.st.stm32cube.ide.mcu.externaltools.gnu-tools-for-stm32.10.3-2021.10.win32_1.0.0.202111181127/tools/bin/../lib/gcc/arm-none-eabi/10.3.1/../../../../arm-none-eabi/lib/thumb/v7-m/nofp\libm.a
LOAD d:/arquivos de programas/stm32cubeide/plugins/com.st.stm32cube.ide.mcu.externaltools.gnu-tools-for-stm32.10.3-2021.10.win32_1.0.0.202111181127/tools/bin/../lib/gcc/arm-none-eabi/10.3.1/thumb/v7-m/nofp\libgcc.a

.debug_info     0x0000000000000000    0x15741
 .debug_info    0x0000000000000000      0x7d4 ./Drivers/STM32F1xx_HAL_Driver/Src/stm32f1xx_hal.o
 .debug_info    0x00000000000007d4      0xd8e ./Drivers/STM32F1xx_HAL_Driver/Src/stm32f1xx_hal_cortex.o
 .debug_info    0x0000000000001562      0x673 ./Drivers/STM32F1xx_HAL_Driver/Src/stm32f1xx_hal_gpio.o
 .debug_info    0x0000000000001bd5     0x1c73 ./Drivers/STM32F1xx_HAL_Driver/Src/stm32f1xx_hal_pcd.o
 .debug_info    0x0000000000003848      0x73b ./Drivers/STM32F1xx_HAL_Driver/Src/stm32f1xx_hal_pcd_ex.o
 .debug_info    0x0000000000003f83      0xa57 ./Drivers/STM32F1xx_HAL_Driver/Src/stm32f1xx_hal_rcc.o
 .debug_info    0x00000000000049da      0x443 ./Drivers/STM32F1xx_HAL_Driver/Src/stm32f1xx_hal_rcc_ex.o
 .debug_info    0x0000000000004e1d     0x3b53 ./Drivers/STM32F1xx_HAL_Driver/Src/stm32f1xx_hal_tim.o
 .debug_info    0x0000000000008970     0x1aaf ./Drivers/STM32F1xx_HAL_Driver/Src/stm32f1xx_hal_tim_ex.o
 .debug_info    0x000000000000a41f     0x1cb6 ./Drivers/STM32F1xx_HAL_Driver/Src/stm32f1xx_ll_usb.o
 .debug_info    0x000000000000c0d5      0x173 ./Main/Sound/midiMessage.o
 .debug_info    0x000000000000c248      0x673 ./Main/Sound/usb_device.o
 .debug_info    0x000000000000c8bb     0x15de ./Main/Sound/usbd_conf.o
 .debug_info    0x000000000000de99      0xaf4 ./Main/Sound/usbd_core.o
 .debug_info    0x000000000000e98d      0x9a0 ./Main/Sound/usbd_ctlreq.o
 .debug_info    0x000000000000f32d      0x478 ./Main/Sound/usbd_desc.o
 .debug_info    0x000000000000f7a5      0x70f ./Main/Sound/usbd_ioreq.o
 .debug_info    0x000000000000feb4     0x1067 ./Main/Sound/usbd_midi.o
 .debug_info    0x0000000000010f1b      0x81a ./Main/Sound/usbd_midi_if.o
 .debug_info    0x0000000000011735      0x95d ./Main/startup.o
 .debug_info    0x0000000000012092     0x1552 ./Src/main.o
 .debug_info    0x00000000000135e4      0xe74 ./Src/stm32f1xx_hal_msp.o
 .debug_info    0x0000000000014458      0x67d ./Src/stm32f1xx_it.o
 .debug_info    0x0000000000014ad5      0x843 ./Src/syscalls.o
 .debug_info    0x0000000000015318      0x407 ./Src/system_stm32f1xx.o
 .debug_info    0x000000000001571f       0x22 ./startup/startup_stm32f103xb.o

.debug_abbrev   0x0000000000000000     0x3490
 .debug_abbrev  0x0000000000000000      0x233 ./Drivers/STM32F1xx_HAL_Driver/Src/stm32f1xx_hal.o
 .debug_abbrev  0x0000000000000233      0x344 ./Drivers/STM32F1xx_HAL_Driver/Src/stm32f1xx_hal_cortex.o
 .debug_abbrev  0x0000000000000577      0x1e9 ./Drivers/STM32F1xx_HAL_Driver/Src/stm32f1xx_hal_gpio.o
 .debug_abbrev  0x0000000000000760      0x2fe ./Drivers/STM32F1xx_HAL_Driver/Src/stm32f1xx_hal_pcd.o
 .debug_abbrev  0x0000000000000a5e      0x196 ./Drivers/STM32F1xx_HAL_Driver/Src/stm32f1xx_hal_pcd_ex.o
 .debug_abbrev  0x0000000000000bf4      0x29d ./Drivers/STM32F1xx_HAL_Driver/Src/stm32f1xx_hal_rcc.o
 .debug_abbrev  0x0000000000000e91      0x1d5 ./Drivers/STM32F1xx_HAL_Driver/Src/stm32f1xx_hal_rcc_ex.o
 .debug_abbrev  0x0000000000001066      0x263 ./Drivers/STM32F1xx_HAL_Driver/Src/stm32f1xx_hal_tim.o
 .debug_abbrev  0x00000000000012c9      0x25d ./Drivers/STM32F1xx_HAL_Driver/Src/stm32f1xx_hal_tim_ex.o
 .debug_abbrev  0x0000000000001526      0x222 ./Drivers/STM32F1xx_HAL_Driver/Src/stm32f1xx_ll_usb.o
 .debug_abbrev  0x0000000000001748       0xcd ./Main/Sound/midiMessage.o
 .debug_abbrev  0x0000000000001815      0x163 ./Main/Sound/usb_device.o
 .debug_abbrev  0x0000000000001978      0x2a6 ./Main/Sound/usbd_conf.o
 .debug_abbrev  0x0000000000001c1e      0x216 ./Main/Sound/usbd_core.o
 .debug_abbrev  0x0000000000001e34      0x237 ./Main/Sound/usbd_ctlreq.o
 .debug_abbrev  0x000000000000206b      0x1dc ./Main/Sound/usbd_desc.o
 .debug_abbrev  0x0000000000002247      0x163 ./Main/Sound/usbd_ioreq.o
 .debug_abbrev  0x00000000000023aa      0x2e8 ./Main/Sound/usbd_midi.o
 .debug_abbrev  0x0000000000002692      0x221 ./Main/Sound/usbd_midi_if.o
 .debug_abbrev  0x00000000000028b3      0x21b ./Main/startup.o
 .debug_abbrev  0x0000000000002ace      0x2d7 ./Src/main.o
 .debug_abbrev  0x0000000000002da5      0x206 ./Src/stm32f1xx_hal_msp.o
 .debug_abbrev  0x0000000000002fab      0x195 ./Src/stm32f1xx_it.o
 .debug_abbrev  0x0000000000003140      0x1fd ./Src/syscalls.o
 .debug_abbrev  0x000000000000333d      0x141 ./Src/system_stm32f1xx.o
 .debug_abbrev  0x000000000000347e       0x12 ./startup/startup_stm32f103xb.o

.debug_loc      0x0000000000000000     0xb0cc
 .debug_loc     0x0000000000000000      0x141 ./Drivers/STM32F1xx_HAL_Driver/Src/stm32f1xx_hal.o
 .debug_loc     0x0000000000000141      0x71f ./Drivers/STM32F1xx_HAL_Driver/Src/stm32f1xx_hal_cortex.o
 .debug_loc     0x0000000000000860      0x47d ./Drivers/STM32F1xx_HAL_Driver/Src/stm32f1xx_hal_gpio.o
 .debug_loc     0x0000000000000cdd     0x148f ./Drivers/STM32F1xx_HAL_Driver/Src/stm32f1xx_hal_pcd.o
 .debug_loc     0x000000000000216c      0x11a ./Drivers/STM32F1xx_HAL_Driver/Src/stm32f1xx_hal_pcd_ex.o
 .debug_loc     0x0000000000002286      0x63e ./Drivers/STM32F1xx_HAL_Driver/Src/stm32f1xx_hal_rcc.o
 .debug_loc     0x00000000000028c4      0x3c8 ./Drivers/STM32F1xx_HAL_Driver/Src/stm32f1xx_hal_rcc_ex.o
 .debug_loc     0x0000000000002c8c     0x47a8 ./Drivers/STM32F1xx_HAL_Driver/Src/stm32f1xx_hal_tim.o
 .debug_loc     0x0000000000007434     0x1ade ./Drivers/STM32F1xx_HAL_Driver/Src/stm32f1xx_hal_tim_ex.o
 .debug_loc     0x0000000000008f12     0x1c2e ./Drivers/STM32F1xx_HAL_Driver/Src/stm32f1xx_ll_usb.o
 .debug_loc     0x000000000000ab40       0x57 ./Src/stm32f1xx_hal_msp.o
 .debug_loc     0x000000000000ab97      0x436 ./Src/syscalls.o
 .debug_loc     0x000000000000afcd       0xff ./Src/system_stm32f1xx.o

.debug_aranges  0x0000000000000000     0x1040
 .debug_aranges
                0x0000000000000000       0xe0 ./Drivers/STM32F1xx_HAL_Driver/Src/stm32f1xx_hal.o
 .debug_aranges
                0x00000000000000e0       0x90 ./Drivers/STM32F1xx_HAL_Driver/Src/stm32f1xx_hal_cortex.o
 .debug_aranges
                0x0000000000000170       0x58 ./Drivers/STM32F1xx_HAL_Driver/Src/stm32f1xx_hal_gpio.o
 .debug_aranges
                0x00000000000001c8      0x138 ./Drivers/STM32F1xx_HAL_Driver/Src/stm32f1xx_hal_pcd.o
 .debug_aranges
                0x0000000000000300       0x38 ./Drivers/STM32F1xx_HAL_Driver/Src/stm32f1xx_hal_pcd_ex.o
 .debug_aranges
                0x0000000000000338       0x90 ./Drivers/STM32F1xx_HAL_Driver/Src/stm32f1xx_hal_rcc.o
 .debug_aranges
                0x00000000000003c8       0x30 ./Drivers/STM32F1xx_HAL_Driver/Src/stm32f1xx_hal_rcc_ex.o
 .debug_aranges
                0x00000000000003f8      0x3d0 ./Drivers/STM32F1xx_HAL_Driver/Src/stm32f1xx_hal_tim.o
 .debug_aranges
                0x00000000000007c8      0x168 ./Drivers/STM32F1xx_HAL_Driver/Src/stm32f1xx_hal_tim_ex.o
 .debug_aranges
                0x0000000000000930       0xf0 ./Drivers/STM32F1xx_HAL_Driver/Src/stm32f1xx_ll_usb.o
 .debug_aranges
                0x0000000000000a20       0x20 ./Main/Sound/midiMessage.o
 .debug_aranges
                0x0000000000000a40       0x20 ./Main/Sound/usb_device.o
 .debug_aranges
                0x0000000000000a60       0xf0 ./Main/Sound/usbd_conf.o
 .debug_aranges
                0x0000000000000b50       0xb8 ./Main/Sound/usbd_core.o
 .debug_aranges
                0x0000000000000c08       0x88 ./Main/Sound/usbd_ctlreq.o
 .debug_aranges
                0x0000000000000c90       0x60 ./Main/Sound/usbd_desc.o
 .debug_aranges
                0x0000000000000cf0       0x50 ./Main/Sound/usbd_ioreq.o
 .debug_aranges
                0x0000000000000d40       0x80 ./Main/Sound/usbd_midi.o
 .debug_aranges
                0x0000000000000dc0       0x40 ./Main/Sound/usbd_midi_if.o
 .debug_aranges
                0x0000000000000e00       0x48 ./Main/startup.o
 .debug_aranges
                0x0000000000000e48       0x48 ./Src/main.o
 .debug_aranges
                0x0000000000000e90       0x48 ./Src/stm32f1xx_hal_msp.o
 .debug_aranges
                0x0000000000000ed8       0x68 ./Src/stm32f1xx_it.o
 .debug_aranges
                0x0000000000000f40       0xb0 ./Src/syscalls.o
 .debug_aranges
                0x0000000000000ff0       0x28 ./Src/system_stm32f1xx.o
 .debug_aranges
                0x0000000000001018       0x28 ./startup/startup_stm32f103xb.o

.debug_ranges   0x0000000000000000     0x12e0
 .debug_ranges  0x0000000000000000       0xd0 ./Drivers/STM32F1xx_HAL_Driver/Src/stm32f1xx_hal.o
 .debug_ranges  0x00000000000000d0       0xe0 ./Drivers/STM32F1xx_HAL_Driver/Src/stm32f1xx_hal_cortex.o
 .debug_ranges  0x00000000000001b0       0x48 ./Drivers/STM32F1xx_HAL_Driver/Src/stm32f1xx_hal_gpio.o
 .debug_ranges  0x00000000000001f8      0x208 ./Drivers/STM32F1xx_HAL_Driver/Src/stm32f1xx_hal_pcd.o
 .debug_ranges  0x0000000000000400       0x28 ./Drivers/STM32F1xx_HAL_Driver/Src/stm32f1xx_hal_pcd_ex.o
 .debug_ranges  0x0000000000000428       0xa0 ./Drivers/STM32F1xx_HAL_Driver/Src/stm32f1xx_hal_rcc.o
 .debug_ranges  0x00000000000004c8       0x38 ./Drivers/STM32F1xx_HAL_Driver/Src/stm32f1xx_hal_rcc_ex.o
 .debug_ranges  0x0000000000000500      0x3c0 ./Drivers/STM32F1xx_HAL_Driver/Src/stm32f1xx_hal_tim.o
 .debug_ranges  0x00000000000008c0      0x158 ./Drivers/STM32F1xx_HAL_Driver/Src/stm32f1xx_hal_tim_ex.o
 .debug_ranges  0x0000000000000a18      0x3a0 ./Drivers/STM32F1xx_HAL_Driver/Src/stm32f1xx_ll_usb.o
 .debug_ranges  0x0000000000000db8       0x10 ./Main/Sound/midiMessage.o
 .debug_ranges  0x0000000000000dc8       0x10 ./Main/Sound/usb_device.o
 .debug_ranges  0x0000000000000dd8       0xe0 ./Main/Sound/usbd_conf.o
 .debug_ranges  0x0000000000000eb8       0xa8 ./Main/Sound/usbd_core.o
 .debug_ranges  0x0000000000000f60       0x78 ./Main/Sound/usbd_ctlreq.o
 .debug_ranges  0x0000000000000fd8       0x50 ./Main/Sound/usbd_desc.o
 .debug_ranges  0x0000000000001028       0x40 ./Main/Sound/usbd_ioreq.o
 .debug_ranges  0x0000000000001068       0x70 ./Main/Sound/usbd_midi.o
 .debug_ranges  0x00000000000010d8       0x30 ./Main/Sound/usbd_midi_if.o
 .debug_ranges  0x0000000000001108       0x38 ./Main/startup.o
 .debug_ranges  0x0000000000001140       0x38 ./Src/main.o
 .debug_ranges  0x0000000000001178       0x38 ./Src/stm32f1xx_hal_msp.o
 .debug_ranges  0x00000000000011b0       0x58 ./Src/stm32f1xx_it.o
 .debug_ranges  0x0000000000001208       0xa0 ./Src/syscalls.o
 .debug_ranges  0x00000000000012a8       0x18 ./Src/system_stm32f1xx.o
 .debug_ranges  0x00000000000012c0       0x20 ./startup/startup_stm32f103xb.o

.debug_macro    0x0000000000000000    0x1bea6
 .debug_macro   0x0000000000000000      0x1e1 ./Drivers/STM32F1xx_HAL_Driver/Src/stm32f1xx_hal.o
 .debug_macro   0x00000000000001e1      0xa66 ./Drivers/STM32F1xx_HAL_Driver/Src/stm32f1xx_hal.o
 .debug_macro   0x0000000000000c47      0x21b ./Drivers/STM32F1xx_HAL_Driver/Src/stm32f1xx_hal.o
 .debug_macro   0x0000000000000e62       0x2e ./Drivers/STM32F1xx_HAL_Driver/Src/stm32f1xx_hal.o
 .debug_macro   0x0000000000000e90       0x22 ./Drivers/STM32F1xx_HAL_Driver/Src/stm32f1xx_hal.o
 .debug_macro   0x0000000000000eb2       0x22 ./Drivers/STM32F1xx_HAL_Driver/Src/stm32f1xx_hal.o
 .debug_macro   0x0000000000000ed4       0x8e ./Drivers/STM32F1xx_HAL_Driver/Src/stm32f1xx_hal.o
 .debug_macro   0x0000000000000f62       0x51 ./Drivers/STM32F1xx_HAL_Driver/Src/stm32f1xx_hal.o
 .debug_macro   0x0000000000000fb3      0x103 ./Drivers/STM32F1xx_HAL_Driver/Src/stm32f1xx_hal.o
 .debug_macro   0x00000000000010b6       0x6a ./Drivers/STM32F1xx_HAL_Driver/Src/stm32f1xx_hal.o
 .debug_macro   0x0000000000001120      0x1df ./Drivers/STM32F1xx_HAL_Driver/Src/stm32f1xx_hal.o
 .debug_macro   0x00000000000012ff       0x1c ./Drivers/STM32F1xx_HAL_Driver/Src/stm32f1xx_hal.o
 .debug_macro   0x000000000000131b       0x22 ./Drivers/STM32F1xx_HAL_Driver/Src/stm32f1xx_hal.o
 .debug_macro   0x000000000000133d       0xbd ./Drivers/STM32F1xx_HAL_Driver/Src/stm32f1xx_hal.o
 .debug_macro   0x00000000000013fa      0xd23 ./Drivers/STM32F1xx_HAL_Driver/Src/stm32f1xx_hal.o
 .debug_macro   0x000000000000211d     0xe09e ./Drivers/STM32F1xx_HAL_Driver/Src/stm32f1xx_hal.o
 .debug_macro   0x00000000000101bb       0x6d ./Drivers/STM32F1xx_HAL_Driver/Src/stm32f1xx_hal.o
 .debug_macro   0x0000000000010228     0x3468 ./Drivers/STM32F1xx_HAL_Driver/Src/stm32f1xx_hal.o
 .debug_macro   0x0000000000013690      0x174 ./Drivers/STM32F1xx_HAL_Driver/Src/stm32f1xx_hal.o
 .debug_macro   0x0000000000013804       0x5c ./Drivers/STM32F1xx_HAL_Driver/Src/stm32f1xx_hal.o
 .debug_macro   0x0000000000013860      0x5be ./Drivers/STM32F1xx_HAL_Driver/Src/stm32f1xx_hal.o
 .debug_macro   0x0000000000013e1e      0x289 ./Drivers/STM32F1xx_HAL_Driver/Src/stm32f1xx_hal.o
 .debug_macro   0x00000000000140a7      0x1cb ./Drivers/STM32F1xx_HAL_Driver/Src/stm32f1xx_hal.o
 .debug_macro   0x0000000000014272      0x114 ./Drivers/STM32F1xx_HAL_Driver/Src/stm32f1xx_hal.o
 .debug_macro   0x0000000000014386      0x1b2 ./Drivers/STM32F1xx_HAL_Driver/Src/stm32f1xx_hal.o
 .debug_macro   0x0000000000014538       0x27 ./Drivers/STM32F1xx_HAL_Driver/Src/stm32f1xx_hal.o
 .debug_macro   0x000000000001455f      0x136 ./Drivers/STM32F1xx_HAL_Driver/Src/stm32f1xx_hal.o
 .debug_macro   0x0000000000014695      0x1bc ./Drivers/STM32F1xx_HAL_Driver/Src/stm32f1xx_hal.o
 .debug_macro   0x0000000000014851       0x34 ./Drivers/STM32F1xx_HAL_Driver/Src/stm32f1xx_hal.o
 .debug_macro   0x0000000000014885       0x3c ./Drivers/STM32F1xx_HAL_Driver/Src/stm32f1xx_hal.o
 .debug_macro   0x00000000000148c1       0x57 ./Drivers/STM32F1xx_HAL_Driver/Src/stm32f1xx_hal.o
 .debug_macro   0x0000000000014918       0x88 ./Drivers/STM32F1xx_HAL_Driver/Src/stm32f1xx_hal.o
 .debug_macro   0x00000000000149a0      0x241 ./Drivers/STM32F1xx_HAL_Driver/Src/stm32f1xx_hal.o
 .debug_macro   0x0000000000014be1      0x141 ./Drivers/STM32F1xx_HAL_Driver/Src/stm32f1xx_hal.o
 .debug_macro   0x0000000000014d22      0x8d1 ./Drivers/STM32F1xx_HAL_Driver/Src/stm32f1xx_hal.o
 .debug_macro   0x00000000000155f3       0x65 ./Drivers/STM32F1xx_HAL_Driver/Src/stm32f1xx_hal.o
 .debug_macro   0x0000000000015658      0x249 ./Drivers/STM32F1xx_HAL_Driver/Src/stm32f1xx_hal.o
 .debug_macro   0x00000000000158a1       0x83 ./Drivers/STM32F1xx_HAL_Driver/Src/stm32f1xx_hal.o
 .debug_macro   0x0000000000015924      0x1bd ./Drivers/STM32F1xx_HAL_Driver/Src/stm32f1xx_hal_cortex.o
 .debug_macro   0x0000000000015ae1      0x228 ./Drivers/STM32F1xx_HAL_Driver/Src/stm32f1xx_hal_gpio.o
 .debug_macro   0x0000000000015d09      0x1c9 ./Drivers/STM32F1xx_HAL_Driver/Src/stm32f1xx_hal_pcd.o
 .debug_macro   0x0000000000015ed2      0x1bd ./Drivers/STM32F1xx_HAL_Driver/Src/stm32f1xx_hal_pcd_ex.o
 .debug_macro   0x000000000001608f      0x1cf ./Drivers/STM32F1xx_HAL_Driver/Src/stm32f1xx_hal_rcc.o
 .debug_macro   0x000000000001625e      0x1bd ./Drivers/STM32F1xx_HAL_Driver/Src/stm32f1xx_hal_rcc_ex.o
 .debug_macro   0x000000000001641b      0x1be ./Drivers/STM32F1xx_HAL_Driver/Src/stm32f1xx_hal_tim.o
 .debug_macro   0x00000000000165d9      0x1bd ./Drivers/STM32F1xx_HAL_Driver/Src/stm32f1xx_hal_tim_ex.o
 .debug_macro   0x0000000000016796      0x1bd ./Drivers/STM32F1xx_HAL_Driver/Src/stm32f1xx_ll_usb.o
 .debug_macro   0x0000000000016953      0x3f8 ./Main/Sound/midiMessage.o
 .debug_macro   0x0000000000016d4b      0xa66 ./Main/Sound/midiMessage.o
 .debug_macro   0x00000000000177b1       0x28 ./Main/Sound/midiMessage.o
 .debug_macro   0x00000000000177d9       0x52 ./Main/Sound/midiMessage.o
 .debug_macro   0x000000000001782b       0x18 ./Main/Sound/midiMessage.o
 .debug_macro   0x0000000000017843       0x3c ./Main/Sound/midiMessage.o
 .debug_macro   0x000000000001787f       0x34 ./Main/Sound/midiMessage.o
 .debug_macro   0x00000000000178b3       0x16 ./Main/Sound/midiMessage.o
 .debug_macro   0x00000000000178c9       0x97 ./Main/Sound/midiMessage.o
 .debug_macro   0x0000000000017960      0x341 ./Main/Sound/midiMessage.o
 .debug_macro   0x0000000000017ca1       0xfd ./Main/Sound/midiMessage.o
 .debug_macro   0x0000000000017d9e       0x10 ./Main/Sound/midiMessage.o
 .debug_macro   0x0000000000017dae       0x16 ./Main/Sound/midiMessage.o
 .debug_macro   0x0000000000017dc4       0x43 ./Main/Sound/midiMessage.o
 .debug_macro   0x0000000000017e07       0x34 ./Main/Sound/midiMessage.o
 .debug_macro   0x0000000000017e3b       0x10 ./Main/Sound/midiMessage.o
 .debug_macro   0x0000000000017e4b       0x58 ./Main/Sound/midiMessage.o
 .debug_macro   0x0000000000017ea3       0x71 ./Main/Sound/midiMessage.o
 .debug_macro   0x0000000000017f14       0x1c ./Main/Sound/midiMessage.o
 .debug_macro   0x0000000000017f30      0x12a ./Main/Sound/midiMessage.o
 .debug_macro   0x000000000001805a       0x10 ./Main/Sound/midiMessage.o
 .debug_macro   0x000000000001806a       0x1c ./Main/Sound/midiMessage.o
 .debug_macro   0x0000000000018086       0x52 ./Main/Sound/midiMessage.o
 .debug_macro   0x00000000000180d8       0x22 ./Main/Sound/midiMessage.o
 .debug_macro   0x00000000000180fa       0x10 ./Main/Sound/midiMessage.o
 .debug_macro   0x000000000001810a       0x52 ./Main/Sound/midiMessage.o
 .debug_macro   0x000000000001815c       0xd5 ./Main/Sound/midiMessage.o
 .debug_macro   0x0000000000018231       0x1c ./Main/Sound/midiMessage.o
 .debug_macro   0x000000000001824d       0x3d ./Main/Sound/midiMessage.o
 .debug_macro   0x000000000001828a       0x16 ./Main/Sound/midiMessage.o
 .debug_macro   0x00000000000182a0      0x145 ./Main/Sound/midiMessage.o
 .debug_macro   0x00000000000183e5       0x16 ./Main/Sound/midiMessage.o
 .debug_macro   0x00000000000183fb       0x35 ./Main/Sound/midiMessage.o
 .debug_macro   0x0000000000018430       0x16 ./Main/Sound/midiMessage.o
 .debug_macro   0x0000000000018446       0x29 ./Main/Sound/midiMessage.o
 .debug_macro   0x000000000001846f       0x16 ./Main/Sound/midiMessage.o
 .debug_macro   0x0000000000018485       0x20 ./Main/Sound/midiMessage.o
 .debug_macro   0x00000000000184a5       0x56 ./Main/Sound/midiMessage.o
 .debug_macro   0x00000000000184fb       0x6a ./Main/Sound/midiMessage.o
 .debug_macro   0x0000000000018565      0x1bb ./Main/Sound/midiMessage.o
 .debug_macro   0x0000000000018720       0x8e ./Main/Sound/midiMessage.o
 .debug_macro   0x00000000000187ae      0x3f6 ./Main/Sound/usb_device.o
 .debug_macro   0x0000000000018ba4       0x4c ./Main/Sound/usb_device.o
 .debug_macro   0x0000000000018bf0       0x94 ./Main/Sound/usb_device.o
 .debug_macro   0x0000000000018c84       0x57 ./Main/Sound/usb_device.o
 .debug_macro   0x0000000000018cdb       0x22 ./Main/Sound/usb_device.o
 .debug_macro   0x0000000000018cfd      0x3d0 ./Main/Sound/usbd_conf.o
 .debug_macro   0x00000000000190cd      0x3c4 ./Main/Sound/usbd_core.o
 .debug_macro   0x0000000000019491      0x1c1 ./Main/Sound/usbd_core.o
 .debug_macro   0x0000000000019652      0x3ca ./Main/Sound/usbd_ctlreq.o
 .debug_macro   0x0000000000019a1c      0x3fd ./Main/Sound/usbd_desc.o
 .debug_macro   0x0000000000019e19      0x3ca ./Main/Sound/usbd_ioreq.o
 .debug_macro   0x000000000001a1e3      0x3d9 ./Main/Sound/usbd_midi.o
 .debug_macro   0x000000000001a5bc      0x3ef ./Main/Sound/usbd_midi_if.o
 .debug_macro   0x000000000001a9ab      0x29e ./Main/startup.o
 .debug_macro   0x000000000001ac49       0x10 ./Main/startup.o
 .debug_macro   0x000000000001ac59       0x2e ./Main/startup.o
 .debug_macro   0x000000000001ac87      0x3fd ./Src/main.o
 .debug_macro   0x000000000001b084      0x1c7 ./Src/stm32f1xx_hal_msp.o
 .debug_macro   0x000000000001b24b      0x1d1 ./Src/stm32f1xx_it.o
 .debug_macro   0x000000000001b41c      0x24c ./Src/syscalls.o
 .debug_macro   0x000000000001b668       0x10 ./Src/syscalls.o
 .debug_macro   0x000000000001b678       0x10 ./Src/syscalls.o
 .debug_macro   0x000000000001b688       0x10 ./Src/syscalls.o
 .debug_macro   0x000000000001b698       0x35 ./Src/syscalls.o
 .debug_macro   0x000000000001b6cd      0x12c ./Src/syscalls.o
 .debug_macro   0x000000000001b7f9       0x10 ./Src/syscalls.o
 .debug_macro   0x000000000001b809      0x241 ./Src/syscalls.o
 .debug_macro   0x000000000001ba4a       0x1c ./Src/syscalls.o
 .debug_macro   0x000000000001ba66       0x10 ./Src/syscalls.o
 .debug_macro   0x000000000001ba76      0x189 ./Src/syscalls.o
 .debug_macro   0x000000000001bbff       0x16 ./Src/syscalls.o
 .debug_macro   0x000000000001bc15       0xce ./Src/syscalls.o
 .debug_macro   0x000000000001bce3      0x1c3 ./Src/system_stm32f1xx.o

.debug_line     0x0000000000000000    0x18584
 .debug_line    0x0000000000000000      0x9b1 ./Drivers/STM32F1xx_HAL_Driver/Src/stm32f1xx_hal.o
 .debug_line    0x00000000000009b1      0xb28 ./Drivers/STM32F1xx_HAL_Driver/Src/stm32f1xx_hal_cortex.o
 .debug_line    0x00000000000014d9      0xab5 ./Drivers/STM32F1xx_HAL_Driver/Src/stm32f1xx_hal_gpio.o
 .debug_line    0x0000000000001f8e     0x1d60 ./Drivers/STM32F1xx_HAL_Driver/Src/stm32f1xx_hal_pcd.o
 .debug_line    0x0000000000003cee      0x750 ./Drivers/STM32F1xx_HAL_Driver/Src/stm32f1xx_hal_pcd_ex.o
 .debug_line    0x000000000000443e     0x1095 ./Drivers/STM32F1xx_HAL_Driver/Src/stm32f1xx_hal_rcc.o
 .debug_line    0x00000000000054d3      0x935 ./Drivers/STM32F1xx_HAL_Driver/Src/stm32f1xx_hal_rcc_ex.o
 .debug_line    0x0000000000005e08     0x4af1 ./Drivers/STM32F1xx_HAL_Driver/Src/stm32f1xx_hal_tim.o
 .debug_line    0x000000000000a8f9     0x1ff1 ./Drivers/STM32F1xx_HAL_Driver/Src/stm32f1xx_hal_tim_ex.o
 .debug_line    0x000000000000c8ea     0x1f70 ./Drivers/STM32F1xx_HAL_Driver/Src/stm32f1xx_ll_usb.o
 .debug_line    0x000000000000e85a      0x984 ./Main/Sound/midiMessage.o
 .debug_line    0x000000000000f1de      0x972 ./Main/Sound/usb_device.o
 .debug_line    0x000000000000fb50      0xcd0 ./Main/Sound/usbd_conf.o
 .debug_line    0x0000000000010820      0xcf2 ./Main/Sound/usbd_core.o
 .debug_line    0x0000000000011512      0xea0 ./Main/Sound/usbd_ctlreq.o
 .debug_line    0x00000000000123b2      0xa79 ./Main/Sound/usbd_desc.o
 .debug_line    0x0000000000012e2b      0x9c9 ./Main/Sound/usbd_ioreq.o
 .debug_line    0x00000000000137f4      0xc34 ./Main/Sound/usbd_midi.o
 .debug_line    0x0000000000014428      0x9b9 ./Main/Sound/usbd_midi_if.o
 .debug_line    0x0000000000014de1      0xbad ./Main/startup.o
 .debug_line    0x000000000001598e      0xbe7 ./Src/main.o
 .debug_line    0x0000000000016575      0x7a7 ./Src/stm32f1xx_hal_msp.o
 .debug_line    0x0000000000016d1c      0x799 ./Src/stm32f1xx_it.o
 .debug_line    0x00000000000174b5      0x8d9 ./Src/syscalls.o
 .debug_line    0x0000000000017d8e      0x779 ./Src/system_stm32f1xx.o
 .debug_line    0x0000000000018507       0x7d ./startup/startup_stm32f103xb.o

.debug_str      0x0000000000000000    0x8e3dc
 .debug_str     0x0000000000000000    0x8427f ./Drivers/STM32F1xx_HAL_Driver/Src/stm32f1xx_hal.o
                                      0x8470c (size before relaxing)
 .debug_str     0x000000000008427f      0x2cf ./Drivers/STM32F1xx_HAL_Driver/Src/stm32f1xx_hal_cortex.o
                                      0x84658 (size before relaxing)
 .debug_str     0x000000000008454e      0x3a3 ./Drivers/STM32F1xx_HAL_Driver/Src/stm32f1xx_hal_gpio.o
                                      0x8435f (size before relaxing)
 .debug_str     0x00000000000848f1      0x87e ./Drivers/STM32F1xx_HAL_Driver/Src/stm32f1xx_hal_pcd.o
                                      0x848b1 (size before relaxing)
 .debug_str     0x000000000008516f      0x170 ./Drivers/STM32F1xx_HAL_Driver/Src/stm32f1xx_hal_pcd_ex.o
                                      0x8444d (size before relaxing)
 .debug_str     0x00000000000852df      0x37b ./Drivers/STM32F1xx_HAL_Driver/Src/stm32f1xx_hal_rcc.o
                                      0x84408 (size before relaxing)
 .debug_str     0x000000000008565a      0x12b ./Drivers/STM32F1xx_HAL_Driver/Src/stm32f1xx_hal_rcc_ex.o
                                      0x84158 (size before relaxing)
 .debug_str     0x0000000000085785     0x128e ./Drivers/STM32F1xx_HAL_Driver/Src/stm32f1xx_hal_tim.o
                                      0x853f3 (size before relaxing)
 .debug_str     0x0000000000086a13      0x503 ./Drivers/STM32F1xx_HAL_Driver/Src/stm32f1xx_hal_tim_ex.o
                                      0x84c0f (size before relaxing)
 .debug_str     0x0000000000086f16      0x123 ./Drivers/STM32F1xx_HAL_Driver/Src/stm32f1xx_ll_usb.o
                                      0x84480 (size before relaxing)
 .debug_str     0x0000000000087039     0x4cb9 ./Main/Sound/midiMessage.o
                                      0x88b91 (size before relaxing)
 .debug_str     0x000000000008bcf2      0x473 ./Main/Sound/usb_device.o
                                      0x88fcb (size before relaxing)
 .debug_str     0x000000000008c165      0x23a ./Main/Sound/usbd_conf.o
                                      0x893a1 (size before relaxing)
 .debug_str     0x000000000008c39f      0x11b ./Main/Sound/usbd_core.o
                                      0x88de1 (size before relaxing)
 .debug_str     0x000000000008c4ba       0xce ./Main/Sound/usbd_ctlreq.o
                                      0x88cfb (size before relaxing)
 .debug_str     0x000000000008c588      0x264 ./Main/Sound/usbd_desc.o
                                      0x88b96 (size before relaxing)
 .debug_str     0x000000000008c7ec       0x3d ./Main/Sound/usbd_ioreq.o
                                      0x88c28 (size before relaxing)
 .debug_str     0x000000000008c829      0x1c0 ./Main/Sound/usbd_midi.o
                                      0x8945f (size before relaxing)
 .debug_str     0x000000000008c9e9       0xaa ./Main/Sound/usbd_midi_if.o
                                      0x89026 (size before relaxing)
 .debug_str     0x000000000008ca93       0xb6 ./Main/startup.o
                                      0x87428 (size before relaxing)
 .debug_str     0x000000000008cb49       0x8f ./Src/main.o
                                      0x89aad (size before relaxing)
 .debug_str     0x000000000008cbd8       0x25 ./Src/stm32f1xx_hal_msp.o
                                      0x84840 (size before relaxing)
 .debug_str     0x000000000008cbfd       0xb8 ./Src/stm32f1xx_it.o
                                      0x8437d (size before relaxing)
 .debug_str     0x000000000008ccb5     0x168f ./Src/syscalls.o
                                       0x8a13 (size before relaxing)
 .debug_str     0x000000000008e344       0x69 ./Src/system_stm32f1xx.o
                                      0x8404e (size before relaxing)
 .debug_str     0x000000000008e3ad       0x2f ./startup/startup_stm32f103xb.o
                                         0x4c (size before relaxing)

.comment        0x0000000000000000       0x50
 .comment       0x0000000000000000       0x50 ./Drivers/STM32F1xx_HAL_Driver/Src/stm32f1xx_hal.o
                                         0x51 (size before relaxing)
 .comment       0x0000000000000050       0x51 ./Drivers/STM32F1xx_HAL_Driver/Src/stm32f1xx_hal_cortex.o
 .comment       0x0000000000000050       0x51 ./Drivers/STM32F1xx_HAL_Driver/Src/stm32f1xx_hal_gpio.o
 .comment       0x0000000000000050       0x51 ./Drivers/STM32F1xx_HAL_Driver/Src/stm32f1xx_hal_pcd.o
 .comment       0x0000000000000050       0x51 ./Drivers/STM32F1xx_HAL_Driver/Src/stm32f1xx_hal_pcd_ex.o
 .comment       0x0000000000000050       0x51 ./Drivers/STM32F1xx_HAL_Driver/Src/stm32f1xx_hal_rcc.o
 .comment       0x0000000000000050       0x51 ./Drivers/STM32F1xx_HAL_Driver/Src/stm32f1xx_hal_rcc_ex.o
 .comment       0x0000000000000050       0x51 ./Drivers/STM32F1xx_HAL_Driver/Src/stm32f1xx_hal_tim.o
 .comment       0x0000000000000050       0x51 ./Drivers/STM32F1xx_HAL_Driver/Src/stm32f1xx_hal_tim_ex.o
 .comment       0x0000000000000050       0x51 ./Drivers/STM32F1xx_HAL_Driver/Src/stm32f1xx_ll_usb.o
 .comment       0x0000000000000050       0x51 ./Main/Sound/midiMessage.o
 .comment       0x0000000000000050       0x51 ./Main/Sound/usb_device.o
 .comment       0x0000000000000050       0x51 ./Main/Sound/usbd_conf.o
 .comment       0x0000000000000050       0x51 ./Main/Sound/usbd_core.o
 .comment       0x0000000000000050       0x51 ./Main/Sound/usbd_ctlreq.o
 .comment       0x0000000000000050       0x51 ./Main/Sound/usbd_desc.o
 .comment       0x0000000000000050       0x51 ./Main/Sound/usbd_ioreq.o
 .comment       0x0000000000000050       0x51 ./Main/Sound/usbd_midi.o
 .comment       0x0000000000000050       0x51 ./Main/Sound/usbd_midi_if.o
 .comment       0x0000000000000050       0x51 ./Main/startup.o
 .comment       0x0000000000000050       0x51 ./Src/main.o
 .comment       0x0000000000000050       0x51 ./Src/stm32f1xx_hal_msp.o
 .comment       0x0000000000000050       0x51 ./Src/stm32f1xx_it.o
 .comment       0x0000000000000050       0x51 ./Src/syscalls.o
 .comment       0x0000000000000050       0x51 ./Src/system_stm32f1xx.o

.debug_frame    0x0000000000000000     0x3040
 .debug_frame   0x0000000000000000      0x1cc ./Drivers/STM32F1xx_HAL_Driver/Src/stm32f1xx_hal.o
 .debug_frame   0x00000000000001cc      0x118 ./Drivers/STM32F1xx_HAL_Driver/Src/stm32f1xx_hal_cortex.o
 .debug_frame   0x00000000000002e4       0xe4 ./Drivers/STM32F1xx_HAL_Driver/Src/stm32f1xx_hal_gpio.o
 .debug_frame   0x00000000000003c8      0x344 ./Drivers/STM32F1xx_HAL_Driver/Src/stm32f1xx_hal_pcd.o
 .debug_frame   0x000000000000070c       0x50 ./Drivers/STM32F1xx_HAL_Driver/Src/stm32f1xx_hal_pcd_ex.o
 .debug_frame   0x000000000000075c      0x190 ./Drivers/STM32F1xx_HAL_Driver/Src/stm32f1xx_hal_rcc.o
 .debug_frame   0x00000000000008ec       0x64 ./Drivers/STM32F1xx_HAL_Driver/Src/stm32f1xx_hal_rcc_ex.o
 .debug_frame   0x0000000000000950      0xb18 ./Drivers/STM32F1xx_HAL_Driver/Src/stm32f1xx_hal_tim.o
 .debug_frame   0x0000000000001468      0x40c ./Drivers/STM32F1xx_HAL_Driver/Src/stm32f1xx_hal_tim_ex.o
 .debug_frame   0x0000000000001874      0x1fc ./Drivers/STM32F1xx_HAL_Driver/Src/stm32f1xx_ll_usb.o
 .debug_frame   0x0000000000001a70       0x38 ./Main/Sound/midiMessage.o
 .debug_frame   0x0000000000001aa8       0x2c ./Main/Sound/usb_device.o
 .debug_frame   0x0000000000001ad4      0x3e4 ./Main/Sound/usbd_conf.o
 .debug_frame   0x0000000000001eb8      0x300 ./Main/Sound/usbd_core.o
 .debug_frame   0x00000000000021b8      0x214 ./Main/Sound/usbd_ctlreq.o
 .debug_frame   0x00000000000023cc      0x160 ./Main/Sound/usbd_desc.o
 .debug_frame   0x000000000000252c      0x10c ./Main/Sound/usbd_ioreq.o
 .debug_frame   0x0000000000002638      0x1f8 ./Main/Sound/usbd_midi.o
 .debug_frame   0x0000000000002830       0xbc ./Main/Sound/usbd_midi_if.o